Archive member included to satisfy reference by file (symbol)

c:/st/stm32cubeide_1.9.0/stm32cubeide/plugins/com.st.stm32cube.ide.mcu.externaltools.gnu-tools-for-stm32.10.3-2021.10.win32_1.0.0.202111181127/tools/bin/../lib/gcc/arm-none-eabi/10.3.1/../../../../arm-none-eabi/lib/thumb/v7e-m+fp/hard\libc_nano.a(lib_a-errno.o)
                              ./Core/Src/syscalls.o (__errno)
c:/st/stm32cubeide_1.9.0/stm32cubeide/plugins/com.st.stm32cube.ide.mcu.externaltools.gnu-tools-for-stm32.10.3-2021.10.win32_1.0.0.202111181127/tools/bin/../lib/gcc/arm-none-eabi/10.3.1/../../../../arm-none-eabi/lib/thumb/v7e-m+fp/hard\libc_nano.a(lib_a-exit.o)
                              c:/st/stm32cubeide_1.9.0/stm32cubeide/plugins/com.st.stm32cube.ide.mcu.externaltools.gnu-tools-for-stm32.10.3-2021.10.win32_1.0.0.202111181127/tools/bin/../lib/gcc/arm-none-eabi/10.3.1/../../../../arm-none-eabi/lib/thumb/v7e-m+fp/hard/crt0.o (exit)
c:/st/stm32cubeide_1.9.0/stm32cubeide/plugins/com.st.stm32cube.ide.mcu.externaltools.gnu-tools-for-stm32.10.3-2021.10.win32_1.0.0.202111181127/tools/bin/../lib/gcc/arm-none-eabi/10.3.1/../../../../arm-none-eabi/lib/thumb/v7e-m+fp/hard\libc_nano.a(lib_a-findfp.o)
                              ./Middlewares/Third_Party/FreeRTOS/Source/tasks.o (__sf_fake_stderr)
c:/st/stm32cubeide_1.9.0/stm32cubeide/plugins/com.st.stm32cube.ide.mcu.externaltools.gnu-tools-for-stm32.10.3-2021.10.win32_1.0.0.202111181127/tools/bin/../lib/gcc/arm-none-eabi/10.3.1/../../../../arm-none-eabi/lib/thumb/v7e-m+fp/hard\libc_nano.a(lib_a-fwalk.o)
                              c:/st/stm32cubeide_1.9.0/stm32cubeide/plugins/com.st.stm32cube.ide.mcu.externaltools.gnu-tools-for-stm32.10.3-2021.10.win32_1.0.0.202111181127/tools/bin/../lib/gcc/arm-none-eabi/10.3.1/../../../../arm-none-eabi/lib/thumb/v7e-m+fp/hard\libc_nano.a(lib_a-findfp.o) (_fwalk)
c:/st/stm32cubeide_1.9.0/stm32cubeide/plugins/com.st.stm32cube.ide.mcu.externaltools.gnu-tools-for-stm32.10.3-2021.10.win32_1.0.0.202111181127/tools/bin/../lib/gcc/arm-none-eabi/10.3.1/../../../../arm-none-eabi/lib/thumb/v7e-m+fp/hard\libc_nano.a(lib_a-impure.o)
                              c:/st/stm32cubeide_1.9.0/stm32cubeide/plugins/com.st.stm32cube.ide.mcu.externaltools.gnu-tools-for-stm32.10.3-2021.10.win32_1.0.0.202111181127/tools/bin/../lib/gcc/arm-none-eabi/10.3.1/../../../../arm-none-eabi/lib/thumb/v7e-m+fp/hard\libc_nano.a(lib_a-exit.o) (_global_impure_ptr)
c:/st/stm32cubeide_1.9.0/stm32cubeide/plugins/com.st.stm32cube.ide.mcu.externaltools.gnu-tools-for-stm32.10.3-2021.10.win32_1.0.0.202111181127/tools/bin/../lib/gcc/arm-none-eabi/10.3.1/../../../../arm-none-eabi/lib/thumb/v7e-m+fp/hard\libc_nano.a(lib_a-init.o)
                              c:/st/stm32cubeide_1.9.0/stm32cubeide/plugins/com.st.stm32cube.ide.mcu.externaltools.gnu-tools-for-stm32.10.3-2021.10.win32_1.0.0.202111181127/tools/bin/../lib/gcc/arm-none-eabi/10.3.1/../../../../arm-none-eabi/lib/thumb/v7e-m+fp/hard/crt0.o (__libc_init_array)
c:/st/stm32cubeide_1.9.0/stm32cubeide/plugins/com.st.stm32cube.ide.mcu.externaltools.gnu-tools-for-stm32.10.3-2021.10.win32_1.0.0.202111181127/tools/bin/../lib/gcc/arm-none-eabi/10.3.1/../../../../arm-none-eabi/lib/thumb/v7e-m+fp/hard\libc_nano.a(lib_a-lock.o)
                              c:/st/stm32cubeide_1.9.0/stm32cubeide/plugins/com.st.stm32cube.ide.mcu.externaltools.gnu-tools-for-stm32.10.3-2021.10.win32_1.0.0.202111181127/tools/bin/../lib/gcc/arm-none-eabi/10.3.1/../../../../arm-none-eabi/lib/thumb/v7e-m+fp/hard\libc_nano.a(lib_a-findfp.o) (__retarget_lock_init_recursive)
c:/st/stm32cubeide_1.9.0/stm32cubeide/plugins/com.st.stm32cube.ide.mcu.externaltools.gnu-tools-for-stm32.10.3-2021.10.win32_1.0.0.202111181127/tools/bin/../lib/gcc/arm-none-eabi/10.3.1/../../../../arm-none-eabi/lib/thumb/v7e-m+fp/hard\libc_nano.a(lib_a-memcpy-stub.o)
                              ./Middlewares/Third_Party/FreeRTOS/Source/CMSIS_RTOS_V2/cmsis_os2.o (memcpy)
c:/st/stm32cubeide_1.9.0/stm32cubeide/plugins/com.st.stm32cube.ide.mcu.externaltools.gnu-tools-for-stm32.10.3-2021.10.win32_1.0.0.202111181127/tools/bin/../lib/gcc/arm-none-eabi/10.3.1/../../../../arm-none-eabi/lib/thumb/v7e-m+fp/hard\libc_nano.a(lib_a-memset.o)
                              c:/st/stm32cubeide_1.9.0/stm32cubeide/plugins/com.st.stm32cube.ide.mcu.externaltools.gnu-tools-for-stm32.10.3-2021.10.win32_1.0.0.202111181127/tools/bin/../lib/gcc/arm-none-eabi/10.3.1/../../../../arm-none-eabi/lib/thumb/v7e-m+fp/hard/crt0.o (memset)
c:/st/stm32cubeide_1.9.0/stm32cubeide/plugins/com.st.stm32cube.ide.mcu.externaltools.gnu-tools-for-stm32.10.3-2021.10.win32_1.0.0.202111181127/tools/bin/../lib/gcc/arm-none-eabi/10.3.1/../../../../arm-none-eabi/lib/thumb/v7e-m+fp/hard\libc_nano.a(lib_a-nano-mallocr.o)
[...]
Memory Configuration

Name             Origin             Length             Attributes
RAM              0x0000000020000000 0x0000000000040000 xrw
FLASH            0x0000000008000000 0x0000000000080000 xr
*default*        0x0000000000000000 0xffffffffffffffff

Linker script and memory map

LOAD c:/st/stm32cubeide_1.9.0/stm32cubeide/plugins/com.st.stm32cube.ide.mcu.externaltools.gnu-tools-for-stm32.10.3-2021.10.win32_1.0.0.202111181127/tools/bin/../lib/gcc/arm-none-eabi/10.3.1/thumb/v7e-m+fp/hard/crti.o
LOAD c:/st/stm32cubeide_1.9.0/stm32cubeide/plugins/com.st.stm32cube.ide.mcu.externaltools.gnu-tools-for-stm32.10.3-2021.10.win32_1.0.0.202111181127/tools/bin/../lib/gcc/arm-none-eabi/10.3.1/thumb/v7e-m+fp/hard/crtbegin.o
LOAD c:/st/stm32cubeide_1.9.0/stm32cubeide/plugins/com.st.stm32cube.ide.mcu.externaltools.gnu-tools-for-stm32.10.3-2021.10.win32_1.0.0.202111181127/tools/bin/../lib/gcc/arm-none-eabi/10.3.1/../../../../arm-none-eabi/lib/thumb/v7e-m+fp/hard/crt0.o
LOAD ./Core/Src/FLASH_SECTOR_F4.o
LOAD ./Core/Src/freertos.o
LOAD ./Core/Src/main.o
LOAD ./Core/Src/socket.o
LOAD ./Core/Src/stm32f4xx_hal_msp.o
LOAD ./Core/Src/stm32f4xx_hal_timebase_tim.o
LOAD ./Core/Src/stm32f4xx_it.o
LOAD ./Core/Src/syscalls.o
LOAD ./Core/Src/sysmem.o
LOAD ./Core/Src/system_stm32f4xx.o
LOAD ./Core/Src/w5500.o
LOAD ./Core/Src/w5500_spi.o
LOAD ./Core/Src/wizchip_conf.o
LOAD ./Core/Startup/startup_stm32f412retx.o
LOAD ./Drivers/STM32F4xx_HAL_Driver/Src/stm32f4xx_hal.o
LOAD ./Drivers/STM32F4xx_HAL_Driver/Src/stm32f4xx_hal_cortex.o
LOAD ./Drivers/STM32F4xx_HAL_Driver/Src/stm32f4xx_hal_dma.o
LOAD ./Drivers/STM32F4xx_HAL_Driver/Src/stm32f4xx_hal_dma_ex.o
LOAD ./Drivers/STM32F4xx_HAL_Driver/Src/stm32f4xx_hal_exti.o
LOAD ./Drivers/STM32F4xx_HAL_Driver/Src/stm32f4xx_hal_flash.o
LOAD ./Drivers/STM32F4xx_HAL_Driver/Src/stm32f4xx_hal_flash_ex.o
LOAD ./Drivers/STM32F4xx_HAL_Driver/Src/stm32f4xx_hal_flash_ramfunc.o
LOAD ./Drivers/STM32F4xx_HAL_Driver/Src/stm32f4xx_hal_gpio.o
LOAD ./Drivers/STM32F4xx_HAL_Driver/Src/stm32f4xx_hal_i2c.o
LOAD ./Drivers/STM32F4xx_HAL_Driver/Src/stm32f4xx_hal_i2c_ex.o
LOAD ./Drivers/STM32F4xx_HAL_Driver/Src/stm32f4xx_hal_pwr.o
LOAD ./Drivers/STM32F4xx_HAL_Driver/Src/stm32f4xx_hal_pwr_ex.o
LOAD ./Drivers/STM32F4xx_HAL_Driver/Src/stm32f4xx_hal_rcc.o
LOAD ./Drivers/STM32F4xx_HAL_Driver/Src/stm32f4xx_hal_rcc_ex.o
LOAD ./Drivers/STM32F4xx_HAL_Driver/Src/stm32f4xx_hal_spi.o
LOAD ./Drivers/STM32F4xx_HAL_Driver/Src/stm32f4xx_hal_tim.o
LOAD ./Drivers/STM32F4xx_HAL_Driver/Src/stm32f4xx_hal_tim_ex.o
LOAD ./Drivers/STM32F4xx_HAL_Driver/Src/stm32f4xx_hal_uart.o
LOAD ./Middlewares/Third_Party/FreeRTOS/Source/CMSIS_RTOS_V2/cmsis_os2.o
LOAD ./Middlewares/Third_Party/FreeRTOS/Source/croutine.o
LOAD ./Middlewares/Third_Party/FreeRTOS/Source/event_groups.o
LOAD ./Middlewares/Third_Party/FreeRTOS/Source/list.o
LOAD ./Middlewares/Third_Party/FreeRTOS/Source/queue.o
LOAD ./Middlewares/Third_Party/FreeRTOS/Source/stream_buffer.o
LOAD ./Middlewares/Third_Party/FreeRTOS/Source/tasks.o
LOAD ./Middlewares/Third_Party/FreeRTOS/Source/timers.o
LOAD ./Middlewares/Third_Party/FreeRTOS/Source/portable/GCC/ARM_CM4F/port.o
LOAD ./Middlewares/Third_Party/FreeRTOS/Source/portable/MemMang/heap_4.o
START GROUP
LOAD c:/st/stm32cubeide_1.9.0/stm32cubeide/plugins/com.st.stm32cube.ide.mcu.externaltools.gnu-tools-for-stm32.10.3-2021.10.win32_1.0.0.202111181127/tools/bin/../lib/gcc/arm-none-eabi/10.3.1/../../../../arm-none-eabi/lib/thumb/v7e-m+fp/hard\libc_nano.a
LOAD c:/st/stm32cubeide_1.9.0/stm32cubeide/plugins/com.st.stm32cube.ide.mcu.externaltools.gnu-tools-for-stm32.10.3-2021.10.win32_1.0.0.202111181127/tools/bin/../lib/gcc/arm-none-eabi/10.3.1/../../../../arm-none-eabi/lib/thumb/v7e-m+fp/hard\libm.a
END GROUP
START GROUP
LOAD c:/st/stm32cubeide_1.9.0/stm32cubeide/plugins/com.st.stm32cube.ide.mcu.externaltools.gnu-tools-for-stm32.10.3-2021.10.win32_1.0.0.202111181127/tools/bin/../lib/gcc/arm-none-eabi/10.3.1/thumb/v7e-m+fp/hard\libgcc.a
LOAD c:/st/stm32cubeide_1.9.0/stm32cubeide/plugins/com.st.stm32cube.ide.mcu.externaltools.gnu-tools-for-stm32.10.3-2021.10.win32_1.0.0.202111181127/tools/bin/../lib/gcc/arm-none-eabi/10.3.1/../../../../arm-none-eabi/lib/thumb/v7e-m+fp/hard\libc_nano.a
END GROUP
START GROUP
LOAD c:/st/stm32cubeide_1.9.0/stm32cubeide/plugins/com.st.stm32cube.ide.mcu.externaltools.gnu-tools-for-stm32.10.3-2021.10.win32_1.0.0.202111181127/tools/bin/../lib/gcc/arm-none-eabi/10.3.1/thumb/v7e-m+fp/hard\libgcc.a
LOAD c:/st/stm32cubeide_1.9.0/stm32cubeide/plugins/com.st.stm32cube.ide.mcu.externaltools.gnu-tools-for-stm32.10.3-2021.10.win32_1.0.0.202111181127/tools/bin/../lib/gcc/arm-none-eabi/10.3.1/../../../../arm-none-eabi/lib/thumb/v7e-m+fp/hard\libc_nano.a
LOAD c:/st/stm32cubeide_1.9.0/stm32cubeide/plugins/com.st.stm32cube.ide.mcu.externaltools.gnu-tools-for-stm32.10.3-2021.10.win32_1.0.0.202111181127/tools/bin/../lib/gcc/arm-none-eabi/10.3.1/../../../../arm-none-eabi/lib/thumb/v7e-m+fp/hard\libnosys.a
END GROUP
START GROUP
LOAD c:/st/stm32cubeide_1.9.0/stm32cubeide/plugins/com.st.stm32cube.ide.mcu.externaltools.gnu-tools-for-stm32.10.3-2021.10.win32_1.0.0.202111181127/tools/bin/../lib/gcc/arm-none-eabi/10.3.1/thumb/v7e-m+fp/hard\libgcc.a
LOAD c:/st/stm32cubeide_1.9.0/stm32cubeide/plugins/com.st.stm32cube.ide.mcu.externaltools.gnu-tools-for-stm32.10.3-2021.10.win32_1.0.0.202111181127/tools/bin/../lib/gcc/arm-none-eabi/10.3.1/../../../../arm-none-eabi/lib/thumb/v7e-m+fp/hard\libc_nano.a
LOAD c:/st/stm32cubeide_1.9.0/stm32cubeide/plugins/com.st.stm32cube.ide.mcu.externaltools.gnu-tools-for-stm32.10.3-2021.10.win32_1.0.0.202111181127/tools/bin/../lib/gcc/arm-none-eabi/10.3.1/../../../../arm-none-eabi/lib/thumb/v7e-m+fp/hard\libnosys.a
END GROUP
LOAD c:/st/stm32cubeide_1.9.0/stm32cubeide/plugins/com.st.stm32cube.ide.mcu.externaltools.gnu-tools-for-stm32.10.3-2021.10.win32_1.0.0.202111181127/tools/bin/../lib/gcc/arm-none-eabi/10.3.1/thumb/v7e-m+fp/hard/crtend.o
LOAD c:/st/stm32cubeide_1.9.0/stm32cubeide/plugins/com.st.stm32cube.ide.mcu.externaltools.gnu-tools-for-stm32.10.3-2021.10.win32_1.0.0.202111181127/tools/bin/../lib/gcc/arm-none-eabi/10.3.1/thumb/v7e-m+fp/hard/crtn.o
                0x0000000020040000                _estack = (ORIGIN (RAM) + LENGTH (RAM))
                0x0000000000000200                _Min_Heap_Size = 0x200
                0x0000000000000400                _Min_Stack_Size = 0x400

.isr_vector     0x0000000008000000      0x1c4
                0x0000000008000000                . = ALIGN (0x4)
 *(.isr_vector)
 .isr_vector    0x0000000008000000      0x1c4 ./Core/Startup/startup_stm32f412retx.o
                0x0000000008000000                g_pfnVectors
                0x00000000080001c4                . = ALIGN (0x4)

.text           0x00000000080001d0    0x1342c
                0x00000000080001d0                . = ALIGN (0x4)
 *(.text)
 .text          0x00000000080001d0       0x40 c:/st/stm32cubeide_1.9.0/stm32cubeide/plugins/com.st.stm32cube.ide.mcu.externaltools.gnu-tools-for-stm32.10.3-2021.10.win32_1.0.0.202111181127/tools/bin/../lib/gcc/arm-none-eabi/10.3.1/thumb/v7e-m+fp/hard/crtbegin.o
 .text          0x0000000008000210       0x14 c:/st/stm32cubeide_1.9.0/stm32cubeide/plugins/com.st.stm32cube.ide.mcu.externaltools.gnu-tools-for-stm32.10.3-2021.10.win32_1.0.0.202111181127/tools/bin/../lib/gcc/arm-none-eabi/10.3.1/../../../../arm-none-eabi/lib/thumb/v7e-m+fp/hard\libc_nano.a(lib_a-strcmp.o)
                0x0000000008000210                strcmp
 .text          0x0000000008000224       0x10 c:/st/stm32cubeide_1.9.0/stm32cubeide/plugins/com.st.stm32cube.ide.mcu.externaltools.gnu-tools-for-stm32.10.3-2021.10.win32_1.0.0.202111181127/tools/bin/../lib/gcc/arm-none-eabi/10.3.1/../../../../arm-none-eabi/lib/thumb/v7e-m+fp/hard\libc_nano.a(lib_a-strlen.o)
                0x0000000008000224                strlen
 *fill*         0x0000000008000234        0xc 
 .text          0x0000000008000240       0xa0 c:/st/stm32cubeide_1.9.0/stm32cubeide/plugins/com.st.stm32cube.ide.mcu.externaltools.gnu-tools-for-stm32.10.3-2021.10.win32_1.0.0.202111181127/tools/bin/../lib/gcc/arm-none-eabi/10.3.1/../../../../arm-none-eabi/lib/thumb/v7e-m+fp/hard\libc_nano.a(lib_a-memchr.o)
                0x0000000008000240                memchr
 .text          0x00000000080002e0      0x378 c:/st/stm32cubeide_1.9.0/stm32cubeide/plugins/com.st.stm32cube.ide.mcu.externaltools.gnu-tools-for-stm32.10.3-2021.10.win32_1.0.0.202111181127/tools/bin/../lib/gcc/arm-none-eabi/10.3.1/thumb/v7e-m+fp/hard\libgcc.a(_arm_addsubdf3.o)
                0x00000000080002e0                __aeabi_drsub
                0x00000000080002e8                __aeabi_dsub
                0x00000000080002e8                __subdf3
                0x00000000080002ec                __aeabi_dadd
                0x00000000080002ec                __adddf3
                0x0000000008000564                __floatunsidf
                0x0000000008000564                __aeabi_ui2d
                0x0000000008000584                __floatsidf
                0x0000000008000584                __aeabi_i2d
                0x00000000080005a8                __aeabi_f2d
                0x00000000080005a8                __extendsfdf2
                0x00000000080005ec                __floatundidf
                0x00000000080005ec                __aeabi_ul2d
                0x00000000080005fc                __floatdidf
                0x00000000080005fc                __aeabi_l2d
 .text          0x0000000008000658      0x424 c:/st/stm32cubeide_1.9.0/stm32cubeide/plugins/com.st.stm32cube.ide.mcu.externaltools.gnu-tools-for-stm32.10.3-2021.10.win32_1.0.0.202111181127/tools/bin/../lib/gcc/arm-none-eabi/10.3.1/thumb/v7e-m+fp/hard\libgcc.a(_arm_muldivdf3.o)
                0x0000000008000658                __aeabi_dmul
                0x0000000008000658                __muldf3
                0x00000000080008ac                __divdf3
                0x00000000080008ac                __aeabi_ddiv
 .text          0x0000000008000a7c      0x110 c:/st/stm32cubeide_1.9.0/stm32cubeide/plugins/com.st.stm32cube.ide.mcu.externaltools.gnu-tools-for-stm32.10.3-2021.10.win32_1.0.0.202111181127/tools/bin/../lib/gcc/arm-none-eabi/10.3.1/thumb/v7e-m+fp/hard\libgcc.a(_arm_cmpdf2.o)
                0x0000000008000a7c                __gtdf2
                0x0000000008000a7c                __gedf2
                0x0000000008000a84                __ltdf2
                0x0000000008000a84                __ledf2
                0x0000000008000a8c                __nedf2
                0x0000000008000a8c                __eqdf2
                0x0000000008000a8c                __cmpdf2
                0x0000000008000b08                __aeabi_cdrcmple
                0x0000000008000b18                __aeabi_cdcmpeq
                0x0000000008000b18                __aeabi_cdcmple
                0x0000000008000b28                __aeabi_dcmpeq
                0x0000000008000b3c                __aeabi_dcmplt
                0x0000000008000b50                __aeabi_dcmple
                0x0000000008000b64                __aeabi_dcmpge
                0x0000000008000b78                __aeabi_dcmpgt
 .text          0x0000000008000b8c       0x2c c:/st/stm32cubeide_1.9.0/stm32cubeide/plugins/com.st.stm32cube.ide.mcu.externaltools.gnu-tools-for-stm32.10.3-2021.10.win32_1.0.0.202111181127/tools/bin/../lib/gcc/arm-none-eabi/10.3.1/thumb/v7e-m+fp/hard\libgcc.a(_arm_unorddf2.o)
                0x0000000008000b8c                __unorddf2
                0x0000000008000b8c                __aeabi_dcmpun
 .text          0x0000000008000bb8       0x50 c:/st/stm32cubeide_1.9.0/stm32cubeide/plugins/com.st.stm32cube.ide.mcu.externaltools.gnu-tools-for-stm32.10.3-2021.10.win32_1.0.0.202111181127/tools/bin/../lib/gcc/arm-none-eabi/10.3.1/thumb/v7e-m+fp/hard\libgcc.a(_arm_fixdfsi.o)
                0x0000000008000bb8                __aeabi_d2iz
                0x0000000008000bb8                __fixdfsi
 .text          0x0000000008000c08       0x40 c:/st/stm32cubeide_1.9.0/stm32cubeide/plugins/com.st.stm32cube.ide.mcu.externaltools.gnu-tools-for-stm32.10.3-2021.10.win32_1.0.0.202111181127/tools/bin/../lib/gcc/arm-none-eabi/10.3.1/thumb/v7e-m+fp/hard\libgcc.a(_arm_fixunsdfsi.o)
                0x0000000008000c08                __aeabi_d2uiz
                0x0000000008000c08                __fixunsdfsi
 .text          0x0000000008000c48       0xa0 c:/st/stm32cubeide_1.9.0/stm32cubeide/plugins/com.st.stm32cube.ide.mcu.externaltools.gnu-tools-for-stm32.10.3-2021.10.win32_1.0.0.202111181127/tools/bin/../lib/gcc/arm-none-eabi/10.3.1/thumb/v7e-m+fp/hard\libgcc.a(_arm_truncdfsf2.o)
                0x0000000008000c48                __truncdfsf2
                0x0000000008000c48                __aeabi_d2f
 .text          0x0000000008000ce8       0x30 c:/st/stm32cubeide_1.9.0/stm32cubeide/plugins/com.st.stm32cube.ide.mcu.externaltools.gnu-tools-for-stm32.10.3-2021.10.win32_1.0.0.202111181127/tools/bin/../lib/gcc/arm-none-eabi/10.3.1/thumb/v7e-m+fp/hard\libgcc.a(_aeabi_uldivmod.o)
                0x0000000008000ce8                __aeabi_uldivmod
 .text          0x0000000008000d18       0x30 c:/st/stm32cubeide_1.9.0/stm32cubeide/plugins/com.st.stm32cube.ide.mcu.externaltools.gnu-tools-for-stm32.10.3-2021.10.win32_1.0.0.202111181127/tools/bin/../lib/gcc/arm-none-eabi/10.3.1/thumb/v7e-m+fp/hard\libgcc.a(_fixdfdi.o)
                0x0000000008000d18                __fixdfdi
                0x0000000008000d18                __aeabi_d2lz
 .text          0x0000000008000d48       0x3c c:/st/stm32cubeide_1.9.0/stm32cubeide/plugins/com.st.stm32cube.ide.mcu.externaltools.gnu-tools-for-stm32.10.3-2021.10.win32_1.0.0.202111181127/tools/bin/../lib/gcc/arm-none-eabi/10.3.1/thumb/v7e-m+fp/hard\libgcc.a(_fixunsdfdi.o)
                0x0000000008000d48                __fixunsdfdi
                0x0000000008000d48                __aeabi_d2ulz
 .text          0x0000000008000d84      0x2d0 c:/st/stm32cubeide_1.9.0/stm32cubeide/plugins/com.st.stm32cube.ide.mcu.externaltools.gnu-tools-for-stm32.10.3-2021.10.win32_1.0.0.202111181127/tools/bin/../lib/gcc/arm-none-eabi/10.3.1/thumb/v7e-m+fp/hard\libgcc.a(_udivmoddi4.o)
                0x0000000008000d84                __udivmoddi4
 .text          0x0000000008001054        0x4 c:/st/stm32cubeide_1.9.0/stm32cubeide/plugins/com.st.stm32cube.ide.mcu.externaltools.gnu-tools-for-stm32.10.3-2021.10.win32_1.0.0.202111181127/tools/bin/../lib/gcc/arm-none-eabi/10.3.1/thumb/v7e-m+fp/hard\libgcc.a(_dvmd_tls.o)
                0x0000000008001054                __aeabi_idiv0
                0x0000000008001054                __aeabi_ldiv0
 *(.text*)
 .text.GetSector
                0x0000000008001058       0xf4 ./Core/Src/FLASH_SECTOR_F4.o
 .text.float2Bytes
                0x000000000800114c       0x42 ./Core/Src/FLASH_SECTOR_F4.o
                0x000000000800114c                float2Bytes
 .text.Bytes2float
                0x000000000800118e       0x44 ./Core/Src/FLASH_SECTOR_F4.o
                0x000000000800118e                Bytes2float
 *fill*         0x00000000080011d2        0x2 
 .text.Flash_Write_Data
                0x00000000080011d4       0xc4 ./Core/Src/FLASH_SECTOR_F4.o
                0x00000000080011d4                Flash_Write_Data
 .text.Flash_Read_Data
                0x0000000008001298       0x3c ./Core/Src/FLASH_SECTOR_F4.o
                0x0000000008001298                Flash_Read_Data
 .text.Flash_Write_NUM
                0x00000000080012d4       0x2c ./Core/Src/FLASH_SECTOR_F4.o
                0x00000000080012d4                Flash_Write_NUM
 .text.Flash_Read_NUM
                0x0000000008001300       0x34 ./Core/Src/FLASH_SECTOR_F4.o
                0x0000000008001300                Flash_Read_NUM
 .text.main     0x0000000008001334      0x178 ./Core/Src/main.o
                0x0000000008001334                main
 .text.SystemClock_Config
                0x00000000080014ac       0xd8 ./Core/Src/main.o
                0x00000000080014ac                SystemClock_Config
 .text.MX_I2C1_Init
                0x0000000008001584       0x5c ./Core/Src/main.o
 .text.MX_SPI1_Init
                0x00000000080015e0       0x6c ./Core/Src/main.o
 .text.MX_SPI2_Init
                0x000000000800164c       0x6c ./Core/Src/main.o
 .text.MX_USART1_UART_Init
                0x00000000080016b8       0x54 ./Core/Src/main.o
 .text.MX_USART2_UART_Init
                0x000000000800170c       0x54 ./Core/Src/main.o
 .text.MX_DMA_Init
                0x0000000008001760       0x7c ./Core/Src/main.o
 .text.MX_GPIO_Init
                0x00000000080017dc      0x210 ./Core/Src/main.o
 .text.HAL_UART_RxCpltCallback
                0x00000000080019ec       0x4c ./Core/Src/main.o
                0x00000000080019ec                HAL_UART_RxCpltCallback
 .text.StartLMS
                0x0000000008001a38     0x12ac ./Core/Src/main.o
                0x0000000008001a38                StartLMS
 .text.StartIO  0x0000000008002ce4      0x674 ./Core/Src/main.o
                0x0000000008002ce4                StartIO
 .text.StartHUM
                0x0000000008003358       0xcc ./Core/Src/main.o
                0x0000000008003358                StartHUM
 .text.HAL_TIM_PeriodElapsedCallback
                0x0000000008003424       0x1e ./Core/Src/main.o
                0x0000000008003424                HAL_TIM_PeriodElapsedCallback
 .text.Error_Handler
                0x0000000008003442        0xa ./Core/Src/main.o
                0x0000000008003442                Error_Handler
 .text.socket   0x000000000800344c      0x22c ./Core/Src/socket.o
                0x000000000800344c                socket
 .text.close    0x0000000008003678       0xdc ./Core/Src/socket.o
                0x0000000008003678                close
 .text.connect  0x0000000008003754      0x1b8 ./Core/Src/socket.o
                0x0000000008003754                connect
 .text.disconnect
                0x000000000800390c       0xec ./Core/Src/socket.o
                0x000000000800390c                disconnect
 .text.send     0x00000000080039f8      0x1f4 ./Core/Src/socket.o
                0x00000000080039f8                send
 .text.recv     0x0000000008003bec      0x16c ./Core/Src/socket.o
                0x0000000008003bec                recv
 .text.sendto   0x0000000008003d58      0x26c ./Core/Src/socket.o
                0x0000000008003d58                sendto
 .text.recvfrom
                0x0000000008003fc4      0x3dc ./Core/Src/socket.o
                0x0000000008003fc4                recvfrom
 .text.HAL_MspInit
                0x00000000080043a0       0x58 ./Core/Src/stm32f4xx_hal_msp.o
                0x00000000080043a0                HAL_MspInit
 .text.HAL_I2C_MspInit
                0x00000000080043f8       0x90 ./Core/Src/stm32f4xx_hal_msp.o
                0x00000000080043f8                HAL_I2C_MspInit
 .text.HAL_SPI_MspInit
                0x0000000008004488      0x1c4 ./Core/Src/stm32f4xx_hal_msp.o
                0x0000000008004488                HAL_SPI_MspInit
 .text.HAL_UART_MspInit
                0x000000000800464c      0x160 ./Core/Src/stm32f4xx_hal_msp.o
                0x000000000800464c                HAL_UART_MspInit
 .text.HAL_InitTick
                0x00000000080047ac       0xf8 ./Core/Src/stm32f4xx_hal_timebase_tim.o
                0x00000000080047ac                HAL_InitTick
 .text.NMI_Handler
                0x00000000080048a4        0xa ./Core/Src/stm32f4xx_it.o
                0x00000000080048a4                NMI_Handler
 .text.HardFault_Handler
                0x00000000080048ae        0x6 ./Core/Src/stm32f4xx_it.o
                0x00000000080048ae                HardFault_Handler
 .text.MemManage_Handler
                0x00000000080048b4        0x6 ./Core/Src/stm32f4xx_it.o
                0x00000000080048b4                MemManage_Handler
 .text.BusFault_Handler
                0x00000000080048ba        0x6 ./Core/Src/stm32f4xx_it.o
                0x00000000080048ba                BusFault_Handler
 .text.UsageFault_Handler
                0x00000000080048c0        0x6 ./Core/Src/stm32f4xx_it.o
                0x00000000080048c0                UsageFault_Handler
 .text.DebugMon_Handler
                0x00000000080048c6        0xe ./Core/Src/stm32f4xx_it.o
                0x00000000080048c6                DebugMon_Handler
 .text.DMA1_Stream3_IRQHandler
                0x00000000080048d4       0x14 ./Core/Src/stm32f4xx_it.o
                0x00000000080048d4                DMA1_Stream3_IRQHandler
 .text.TIM2_IRQHandler
                0x00000000080048e8       0x14 ./Core/Src/stm32f4xx_it.o
                0x00000000080048e8                TIM2_IRQHandler
 .text.DMA2_Stream0_IRQHandler
                0x00000000080048fc       0x14 ./Core/Src/stm32f4xx_it.o
                0x00000000080048fc                DMA2_Stream0_IRQHandler
 .text.DMA2_Stream2_IRQHandler
                0x0000000008004910       0x14 ./Core/Src/stm32f4xx_it.o
                0x0000000008004910                DMA2_Stream2_IRQHandler
 .text._getpid  0x0000000008004924       0x10 ./Core/Src/syscalls.o
                0x0000000008004924                _getpid
 .text._kill    0x0000000008004934       0x20 ./Core/Src/syscalls.o
                0x0000000008004934                _kill
 .text._exit    0x0000000008004954       0x14 ./Core/Src/syscalls.o
                0x0000000008004954                _exit
 .text._read    0x0000000008004968       0x3a ./Core/Src/syscalls.o
                0x0000000008004968                _read
 .text._write   0x00000000080049a2       0x38 ./Core/Src/syscalls.o
                0x00000000080049a2                _write
 .text._close   0x00000000080049da       0x18 ./Core/Src/syscalls.o
                0x00000000080049da                _close
 .text._fstat   0x00000000080049f2       0x20 ./Core/Src/syscalls.o
                0x00000000080049f2                _fstat
 .text._isatty  0x0000000008004a12       0x16 ./Core/Src/syscalls.o
                0x0000000008004a12                _isatty
 .text._lseek   0x0000000008004a28       0x1a ./Core/Src/syscalls.o
                0x0000000008004a28                _lseek
 *fill*         0x0000000008004a42        0x2 
 .text._sbrk    0x0000000008004a44       0x6c ./Core/Src/sysmem.o
                0x0000000008004a44                _sbrk
 .text.SystemInit
                0x0000000008004ab0       0x24 ./Core/Src/system_stm32f4xx.o
                0x0000000008004ab0                SystemInit
 .text.WIZCHIP_READ
                0x0000000008004ad4       0x98 ./Core/Src/w5500.o
                0x0000000008004ad4                WIZCHIP_READ
 .text.WIZCHIP_WRITE
                0x0000000008004b6c       0x9c ./Core/Src/w5500.o
                0x0000000008004b6c                WIZCHIP_WRITE
 .text.WIZCHIP_READ_BUF
                0x0000000008004c08       0xc0 ./Core/Src/w5500.o
                0x0000000008004c08                WIZCHIP_READ_BUF
 .text.WIZCHIP_WRITE_BUF
                0x0000000008004cc8       0xc0 ./Core/Src/w5500.o
                0x0000000008004cc8                WIZCHIP_WRITE_BUF
 .text.getSn_TX_FSR
                0x0000000008004d88       0x96 ./Core/Src/w5500.o
                0x0000000008004d88                getSn_TX_FSR
 .text.getSn_RX_RSR
                0x0000000008004e1e       0x96 ./Core/Src/w5500.o
                0x0000000008004e1e                getSn_RX_RSR
 .text.wiz_send_data
                0x0000000008004eb4       0xb8 ./Core/Src/w5500.o
                0x0000000008004eb4                wiz_send_data
 .text.wiz_recv_data
                0x0000000008004f6c       0xb8 ./Core/Src/w5500.o
                0x0000000008004f6c                wiz_recv_data
 .text.wiz_recv_ignore
                0x0000000008005024       0x90 ./Core/Src/w5500.o
                0x0000000008005024                wiz_recv_ignore
 .text.wizchip1_select
                0x00000000080050b4       0x20 ./Core/Src/w5500_spi.o
                0x00000000080050b4                wizchip1_select
 .text.wizchip1_deselect
                0x00000000080050d4       0x20 ./Core/Src/w5500_spi.o
                0x00000000080050d4                wizchip1_deselect
 .text.wizchip2_select
                0x00000000080050f4       0x24 ./Core/Src/w5500_spi.o
                0x00000000080050f4                wizchip2_select
 .text.wizchip2_deselect
                0x0000000008005118       0x24 ./Core/Src/w5500_spi.o
                0x0000000008005118                wizchip2_deselect
 .text.SPIRead  0x000000000800513c       0x54 ./Core/Src/w5500_spi.o
                0x000000000800513c                SPIRead
 .text.SPIWrite
                0x0000000008005190       0x50 ./Core/Src/w5500_spi.o
                0x0000000008005190                SPIWrite
 .text.wizchip_read
                0x00000000080051e0       0x18 ./Core/Src/w5500_spi.o
                0x00000000080051e0                wizchip_read
 .text.wizchip_write
                0x00000000080051f8       0x1a ./Core/Src/w5500_spi.o
                0x00000000080051f8                wizchip_write
 .text.wizchip_readBurst
                0x0000000008005212       0x3c ./Core/Src/w5500_spi.o
                0x0000000008005212                wizchip_readBurst
 .text.wizchip_writeBurst
                0x000000000800524e       0x3a ./Core/Src/w5500_spi.o
                0x000000000800524e                wizchip_writeBurst
 .text.wizchip1_settings
                0x0000000008005288       0x64 ./Core/Src/w5500_spi.o
                0x0000000008005288                wizchip1_settings
 .text.wizchip2_settings
                0x00000000080052ec       0x80 ./Core/Src/w5500_spi.o
                0x00000000080052ec                wizchip2_settings
 .text.W5500Init
                0x000000000800536c       0xd4 ./Core/Src/w5500_spi.o
                0x000000000800536c                W5500Init
 .text.wizchip_cris_enter
                0x0000000008005440        0xe ./Core/Src/wizchip_conf.o
                0x0000000008005440                wizchip_cris_enter
 .text.wizchip_cris_exit
                0x000000000800544e        0xe ./Core/Src/wizchip_conf.o
                0x000000000800544e                wizchip_cris_exit
 .text.wizchip_cs_select
                0x000000000800545c        0xe ./Core/Src/wizchip_conf.o
                0x000000000800545c                wizchip_cs_select
 .text.wizchip_cs_deselect
                0x000000000800546a        0xe ./Core/Src/wizchip_conf.o
                0x000000000800546a                wizchip_cs_deselect
 .text.wizchip_bus_readdata
                0x0000000008005478       0x1a ./Core/Src/wizchip_conf.o
                0x0000000008005478                wizchip_bus_readdata
 .text.wizchip_bus_writedata
                0x0000000008005492       0x1e ./Core/Src/wizchip_conf.o
                0x0000000008005492                wizchip_bus_writedata
 .text.wizchip_spi_readbyte
                0x00000000080054b0       0x10 ./Core/Src/wizchip_conf.o
                0x00000000080054b0                wizchip_spi_readbyte
 .text.wizchip_spi_writebyte
                0x00000000080054c0       0x16 ./Core/Src/wizchip_conf.o
                0x00000000080054c0                wizchip_spi_writebyte
 .text.wizchip_spi_readburst
                0x00000000080054d6       0x18 ./Core/Src/wizchip_conf.o
                0x00000000080054d6                wizchip_spi_readburst
 .text.wizchip_spi_writeburst
                0x00000000080054ee       0x18 ./Core/Src/wizchip_conf.o
                0x00000000080054ee                wizchip_spi_writeburst
 *fill*         0x0000000008005506        0x2 
 .text.reg_wizchip_cs_cbfunc
                0x0000000008005508       0x4c ./Core/Src/wizchip_conf.o
                0x0000000008005508                reg_wizchip_cs_cbfunc
 .text.reg_wizchip_spi_cbfunc
                0x0000000008005554       0x58 ./Core/Src/wizchip_conf.o
                0x0000000008005554                reg_wizchip_spi_cbfunc
 .text.reg_wizchip_spiburst_cbfunc
                0x00000000080055ac       0x58 ./Core/Src/wizchip_conf.o
                0x00000000080055ac                reg_wizchip_spiburst_cbfunc
 .text.ctlwizchip
                0x0000000008005604      0x1c4 ./Core/Src/wizchip_conf.o
                0x0000000008005604                ctlwizchip
 .text.wizchip_sw_reset
                0x00000000080057c8       0x98 ./Core/Src/wizchip_conf.o
                0x00000000080057c8                wizchip_sw_reset
 .text.wizchip_init
                0x0000000008005860      0x118 ./Core/Src/wizchip_conf.o
                0x0000000008005860                wizchip_init
 .text.wizchip_clrinterrupt
                0x0000000008005978       0x68 ./Core/Src/wizchip_conf.o
                0x0000000008005978                wizchip_clrinterrupt
 .text.wizchip_getinterrupt
                0x00000000080059e0       0x4a ./Core/Src/wizchip_conf.o
                0x00000000080059e0                wizchip_getinterrupt
 .text.wizchip_setinterruptmask
                0x0000000008005a2a       0x36 ./Core/Src/wizchip_conf.o
                0x0000000008005a2a                wizchip_setinterruptmask
 .text.wizchip_getinterruptmask
                0x0000000008005a60       0x46 ./Core/Src/wizchip_conf.o
                0x0000000008005a60                wizchip_getinterruptmask
 .text.wizphy_getphylink
                0x0000000008005aa6       0x2c ./Core/Src/wizchip_conf.o
                0x0000000008005aa6                wizphy_getphylink
 .text.wizphy_getphypmode
                0x0000000008005ad2       0x32 ./Core/Src/wizchip_conf.o
                0x0000000008005ad2                wizphy_getphypmode
 .text.wizphy_reset
                0x0000000008005b04       0x4e ./Core/Src/wizchip_conf.o
                0x0000000008005b04                wizphy_reset
 .text.wizphy_setphyconf
                0x0000000008005b52       0x84 ./Core/Src/wizchip_conf.o
                0x0000000008005b52                wizphy_setphyconf
 .text.wizphy_getphyconf
                0x0000000008005bd6       0xd2 ./Core/Src/wizchip_conf.o
                0x0000000008005bd6                wizphy_getphyconf
 .text.wizphy_setphypmode
                0x0000000008005ca8       0x94 ./Core/Src/wizchip_conf.o
                0x0000000008005ca8                wizphy_setphypmode
 .text.wizchip_setnetinfo
                0x0000000008005d3c       0x80 ./Core/Src/wizchip_conf.o
                0x0000000008005d3c                wizchip_setnetinfo
 .text.Reset_Handler
                0x0000000008005dbc       0x50 ./Core/Startup/startup_stm32f412retx.o
                0x0000000008005dbc                Reset_Handler
 .text.Default_Handler
                0x0000000008005e0c        0x2 ./Core/Startup/startup_stm32f412retx.o
                0x0000000008005e0c                RTC_Alarm_IRQHandler
                0x0000000008005e0c                EXTI2_IRQHandler
                0x0000000008005e0c                TIM8_CC_IRQHandler
                0x0000000008005e0c                FMPI2C1_EV_IRQHandler
                0x0000000008005e0c                SPI4_IRQHandler
                0x0000000008005e0c                TIM1_CC_IRQHandler
                0x0000000008005e0c                DMA2_Stream5_IRQHandler
                0x0000000008005e0c                DMA1_Stream5_IRQHandler
                0x0000000008005e0c                TIM6_IRQHandler
                0x0000000008005e0c                PVD_IRQHandler
                0x0000000008005e0c                SDIO_IRQHandler
                0x0000000008005e0c                TAMP_STAMP_IRQHandler
                0x0000000008005e0c                CAN2_RX1_IRQHandler
                0x0000000008005e0c                EXTI3_IRQHandler
                0x0000000008005e0c                TIM8_TRG_COM_TIM14_IRQHandler
                0x0000000008005e0c                DFSDM1_FLT1_IRQHandler
                0x0000000008005e0c                TIM1_UP_TIM10_IRQHandler
                0x0000000008005e0c                TIM8_UP_TIM13_IRQHandler
                0x0000000008005e0c                I2C3_ER_IRQHandler
                0x0000000008005e0c                EXTI0_IRQHandler
                0x0000000008005e0c                I2C2_EV_IRQHandler
                0x0000000008005e0c                DMA1_Stream2_IRQHandler
                0x0000000008005e0c                CAN1_RX0_IRQHandler
                0x0000000008005e0c                FPU_IRQHandler
                0x0000000008005e0c                CAN2_SCE_IRQHandler
                0x0000000008005e0c                SPI1_IRQHandler
                0x0000000008005e0c                TIM1_BRK_TIM9_IRQHandler
                0x0000000008005e0c                CAN2_RX0_IRQHandler
                0x0000000008005e0c                DMA2_Stream3_IRQHandler
                0x0000000008005e0c                USART6_IRQHandler
                0x0000000008005e0c                USART3_IRQHandler
                0x0000000008005e0c                CAN1_RX1_IRQHandler
                0x0000000008005e0c                TIM4_IRQHandler
                0x0000000008005e0c                QUADSPI_IRQHandler
                0x0000000008005e0c                I2C1_EV_IRQHandler
                0x0000000008005e0c                DMA1_Stream6_IRQHandler
                0x0000000008005e0c                DMA1_Stream1_IRQHandler
                0x0000000008005e0c                TIM3_IRQHandler
                0x0000000008005e0c                RCC_IRQHandler
                0x0000000008005e0c                TIM8_BRK_TIM12_IRQHandler
                0x0000000008005e0c                Default_Handler
                0x0000000008005e0c                EXTI15_10_IRQHandler
                0x0000000008005e0c                ADC_IRQHandler
                0x0000000008005e0c                DMA1_Stream7_IRQHandler
                0x0000000008005e0c                SPI5_IRQHandler
                0x0000000008005e0c                TIM7_IRQHandler
                0x0000000008005e0c                CAN2_TX_IRQHandler
                0x0000000008005e0c                TIM5_IRQHandler
                0x0000000008005e0c                DMA2_Stream7_IRQHandler
                0x0000000008005e0c                I2C3_EV_IRQHandler
                0x0000000008005e0c                EXTI9_5_IRQHandler
                0x0000000008005e0c                RTC_WKUP_IRQHandler
                0x0000000008005e0c                SPI2_IRQHandler
                0x0000000008005e0c                DMA1_Stream0_IRQHandler
                0x0000000008005e0c                CAN1_TX_IRQHandler
                0x0000000008005e0c                FMPI2C1_ER_IRQHandler
                0x0000000008005e0c                EXTI4_IRQHandler
                0x0000000008005e0c                RNG_IRQHandler
                0x0000000008005e0c                WWDG_IRQHandler
                0x0000000008005e0c                OTG_FS_WKUP_IRQHandler
                0x0000000008005e0c                TIM1_TRG_COM_TIM11_IRQHandler
                0x0000000008005e0c                EXTI1_IRQHandler
                0x0000000008005e0c                USART2_IRQHandler
                0x0000000008005e0c                DFSDM1_FLT0_IRQHandler
                0x0000000008005e0c                I2C2_ER_IRQHandler
                0x0000000008005e0c                DMA2_Stream1_IRQHandler
                0x0000000008005e0c                CAN1_SCE_IRQHandler
                0x0000000008005e0c                FLASH_IRQHandler
                0x0000000008005e0c                DMA2_Stream4_IRQHandler
                0x0000000008005e0c                USART1_IRQHandler
                0x0000000008005e0c                OTG_FS_IRQHandler
                0x0000000008005e0c                SPI3_IRQHandler
                0x0000000008005e0c                DMA1_Stream4_IRQHandler
                0x0000000008005e0c                I2C1_ER_IRQHandler
                0x0000000008005e0c                DMA2_Stream6_IRQHandler
 *fill*         0x0000000008005e0e        0x2 
 .text.HAL_Init
                0x0000000008005e10       0x44 ./Drivers/STM32F4xx_HAL_Driver/Src/stm32f4xx_hal.o
                0x0000000008005e10                HAL_Init
 .text.HAL_IncTick
                0x0000000008005e54       0x28 ./Drivers/STM32F4xx_HAL_Driver/Src/stm32f4xx_hal.o
                0x0000000008005e54                HAL_IncTick
 .text.HAL_GetTick
                0x0000000008005e7c       0x18 ./Drivers/STM32F4xx_HAL_Driver/Src/stm32f4xx_hal.o
                0x0000000008005e7c                HAL_GetTick
 .text.__NVIC_SetPriorityGrouping
                0x0000000008005e94       0x48 ./Drivers/STM32F4xx_HAL_Driver/Src/stm32f4xx_hal_cortex.o
 .text.__NVIC_GetPriorityGrouping
                0x0000000008005edc       0x1c ./Drivers/STM32F4xx_HAL_Driver/Src/stm32f4xx_hal_cortex.o
 .text.__NVIC_EnableIRQ
                0x0000000008005ef8       0x3c ./Drivers/STM32F4xx_HAL_Driver/Src/stm32f4xx_hal_cortex.o
 .text.__NVIC_SetPriority
                0x0000000008005f34       0x54 ./Drivers/STM32F4xx_HAL_Driver/Src/stm32f4xx_hal_cortex.o
 .text.NVIC_EncodePriority
                0x0000000008005f88       0x66 ./Drivers/STM32F4xx_HAL_Driver/Src/stm32f4xx_hal_cortex.o
 .text.HAL_NVIC_SetPriorityGrouping
                0x0000000008005fee       0x16 ./Drivers/STM32F4xx_HAL_Driver/Src/stm32f4xx_hal_cortex.o
                0x0000000008005fee                HAL_NVIC_SetPriorityGrouping
 .text.HAL_NVIC_SetPriority
                0x0000000008006004       0x38 ./Drivers/STM32F4xx_HAL_Driver/Src/stm32f4xx_hal_cortex.o
                0x0000000008006004                HAL_NVIC_SetPriority
 .text.HAL_NVIC_EnableIRQ
                0x000000000800603c       0x1c ./Drivers/STM32F4xx_HAL_Driver/Src/stm32f4xx_hal_cortex.o
                0x000000000800603c                HAL_NVIC_EnableIRQ
 .text.HAL_DMA_Init
                0x0000000008006058      0x15c ./Drivers/STM32F4xx_HAL_Driver/Src/stm32f4xx_hal_dma.o
                0x0000000008006058                HAL_DMA_Init
 .text.HAL_DMA_Start_IT
                0x00000000080061b4       0xb0 ./Drivers/STM32F4xx_HAL_Driver/Src/stm32f4xx_hal_dma.o
                0x00000000080061b4                HAL_DMA_Start_IT
 .text.HAL_DMA_IRQHandler
                0x0000000008006264      0x314 ./Drivers/STM32F4xx_HAL_Driver/Src/stm32f4xx_hal_dma.o
                0x0000000008006264                HAL_DMA_IRQHandler
 .text.DMA_SetConfig
                0x0000000008006578       0x5c ./Drivers/STM32F4xx_HAL_Driver/Src/stm32f4xx_hal_dma.o
 .text.DMA_CalcBaseAndBitshift
                0x00000000080065d4       0x6c ./Drivers/STM32F4xx_HAL_Driver/Src/stm32f4xx_hal_dma.o
 .text.DMA_CheckFifoParam
                0x0000000008006640       0xf8 ./Drivers/STM32F4xx_HAL_Driver/Src/stm32f4xx_hal_dma.o
 .text.HAL_FLASH_Program
                0x0000000008006738       0xa8 ./Drivers/STM32F4xx_HAL_Driver/Src/stm32f4xx_hal_flash.o
                0x0000000008006738                HAL_FLASH_Program
 .text.HAL_FLASH_Unlock
                0x00000000080067e0       0x44 ./Drivers/STM32F4xx_HAL_Driver/Src/stm32f4xx_hal_flash.o
                0x00000000080067e0                HAL_FLASH_Unlock
 .text.HAL_FLASH_Lock
                0x0000000008006824       0x20 ./Drivers/STM32F4xx_HAL_Driver/Src/stm32f4xx_hal_flash.o
                0x0000000008006824                HAL_FLASH_Lock
 .text.HAL_FLASH_GetError
                0x0000000008006844       0x18 ./Drivers/STM32F4xx_HAL_Driver/Src/stm32f4xx_hal_flash.o
                0x0000000008006844                HAL_FLASH_GetError
 .text.FLASH_WaitForLastOperation
                0x000000000800685c       0x80 ./Drivers/STM32F4xx_HAL_Driver/Src/stm32f4xx_hal_flash.o
                0x000000000800685c                FLASH_WaitForLastOperation
 .text.FLASH_Program_DoubleWord
                0x00000000080068dc       0x64 ./Drivers/STM32F4xx_HAL_Driver/Src/stm32f4xx_hal_flash.o
 .text.FLASH_Program_Word
                0x0000000008006940       0x44 ./Drivers/STM32F4xx_HAL_Driver/Src/stm32f4xx_hal_flash.o
 .text.FLASH_Program_HalfWord
                0x0000000008006984       0x48 ./Drivers/STM32F4xx_HAL_Driver/Src/stm32f4xx_hal_flash.o
 .text.FLASH_Program_Byte
                0x00000000080069cc       0x44 ./Drivers/STM32F4xx_HAL_Driver/Src/stm32f4xx_hal_flash.o
 .text.FLASH_SetErrorCode
                0x0000000008006a10       0xcc ./Drivers/STM32F4xx_HAL_Driver/Src/stm32f4xx_hal_flash.o
 .text.HAL_FLASHEx_Erase
                0x0000000008006adc       0xe0 ./Drivers/STM32F4xx_HAL_Driver/Src/stm32f4xx_hal_flash_ex.o
                0x0000000008006adc                HAL_FLASHEx_Erase
 .text.FLASH_MassErase
                0x0000000008006bbc       0x48 ./Drivers/STM32F4xx_HAL_Driver/Src/stm32f4xx_hal_flash_ex.o
 .text.FLASH_Erase_Sector
                0x0000000008006c04       0x90 ./Drivers/STM32F4xx_HAL_Driver/Src/stm32f4xx_hal_flash_ex.o
                0x0000000008006c04                FLASH_Erase_Sector
 .text.FLASH_FlushCaches
                0x0000000008006c94       0x8c ./Drivers/STM32F4xx_HAL_Driver/Src/stm32f4xx_hal_flash_ex.o
                0x0000000008006c94                FLASH_FlushCaches
 .text.HAL_GPIO_Init
                0x0000000008006d20      0x2f8 ./Drivers/STM32F4xx_HAL_Driver/Src/stm32f4xx_hal_gpio.o
                0x0000000008006d20                HAL_GPIO_Init
 .text.HAL_GPIO_ReadPin
                0x0000000008007018       0x30 ./Drivers/STM32F4xx_HAL_Driver/Src/stm32f4xx_hal_gpio.o
                0x0000000008007018                HAL_GPIO_ReadPin
 .text.HAL_GPIO_WritePin
                0x0000000008007048       0x32 ./Drivers/STM32F4xx_HAL_Driver/Src/stm32f4xx_hal_gpio.o
                0x0000000008007048                HAL_GPIO_WritePin
 *fill*         0x000000000800707a        0x2 
 .text.HAL_I2C_Init
                0x000000000800707c      0x288 ./Drivers/STM32F4xx_HAL_Driver/Src/stm32f4xx_hal_i2c.o
                0x000000000800707c                HAL_I2C_Init
 .text.HAL_I2C_Master_Transmit
                0x0000000008007304      0x1fc ./Drivers/STM32F4xx_HAL_Driver/Src/stm32f4xx_hal_i2c.o
                0x0000000008007304                HAL_I2C_Master_Transmit
 .text.HAL_I2C_Master_Receive
                0x0000000008007500      0x44c ./Drivers/STM32F4xx_HAL_Driver/Src/stm32f4xx_hal_i2c.o
                0x0000000008007500                HAL_I2C_Master_Receive
 .text.HAL_I2C_IsDeviceReady
                0x000000000800794c      0x25c ./Drivers/STM32F4xx_HAL_Driver/Src/stm32f4xx_hal_i2c.o
                0x000000000800794c                HAL_I2C_IsDeviceReady
 .text.I2C_MasterRequestWrite
                0x0000000008007ba8      0x104 ./Drivers/STM32F4xx_HAL_Driver/Src/stm32f4xx_hal_i2c.o
 .text.I2C_MasterRequestRead
                0x0000000008007cac      0x19c ./Drivers/STM32F4xx_HAL_Driver/Src/stm32f4xx_hal_i2c.o
 .text.I2C_WaitOnFlagUntilTimeout
                0x0000000008007e48       0xae ./Drivers/STM32F4xx_HAL_Driver/Src/stm32f4xx_hal_i2c.o
 .text.I2C_WaitOnMasterAddressFlagUntilTimeout
                0x0000000008007ef6       0xfe ./Drivers/STM32F4xx_HAL_Driver/Src/stm32f4xx_hal_i2c.o
 .text.I2C_WaitOnTXEFlagUntilTimeout
                0x0000000008007ff4       0x82 ./Drivers/STM32F4xx_HAL_Driver/Src/stm32f4xx_hal_i2c.o
 .text.I2C_WaitOnBTFFlagUntilTimeout
                0x0000000008008076       0x82 ./Drivers/STM32F4xx_HAL_Driver/Src/stm32f4xx_hal_i2c.o
 .text.I2C_WaitOnRXNEFlagUntilTimeout
                0x00000000080080f8       0xac ./Drivers/STM32F4xx_HAL_Driver/Src/stm32f4xx_hal_i2c.o
 .text.I2C_IsAcknowledgeFailed
                0x00000000080081a4       0x5e ./Drivers/STM32F4xx_HAL_Driver/Src/stm32f4xx_hal_i2c.o
 *fill*         0x0000000008008202        0x2 
 .text.HAL_RCC_ClockConfig
                0x0000000008008204      0x1cc ./Drivers/STM32F4xx_HAL_Driver/Src/stm32f4xx_hal_rcc.o
                0x0000000008008204                HAL_RCC_ClockConfig
 .text.HAL_RCC_EnableCSS
                0x00000000080083d0       0x18 ./Drivers/STM32F4xx_HAL_Driver/Src/stm32f4xx_hal_rcc.o
                0x00000000080083d0                HAL_RCC_EnableCSS
 .text.HAL_RCC_GetSysClockFreq
                0x00000000080083e8      0x18c ./Drivers/STM32F4xx_HAL_Driver/Src/stm32f4xx_hal_rcc.o
                0x00000000080083e8                HAL_RCC_GetSysClockFreq
 .text.HAL_RCC_GetHCLKFreq
                0x0000000008008574       0x18 ./Drivers/STM32F4xx_HAL_Driver/Src/stm32f4xx_hal_rcc.o
                0x0000000008008574                HAL_RCC_GetHCLKFreq
 .text.HAL_RCC_GetPCLK1Freq
                0x000000000800858c       0x28 ./Drivers/STM32F4xx_HAL_Driver/Src/stm32f4xx_hal_rcc.o
                0x000000000800858c                HAL_RCC_GetPCLK1Freq
 .text.HAL_RCC_GetPCLK2Freq
                0x00000000080085b4       0x28 ./Drivers/STM32F4xx_HAL_Driver/Src/stm32f4xx_hal_rcc.o
                0x00000000080085b4                HAL_RCC_GetPCLK2Freq
 .text.HAL_RCC_GetClockConfig
                0x00000000080085dc       0x64 ./Drivers/STM32F4xx_HAL_Driver/Src/stm32f4xx_hal_rcc.o
                0x00000000080085dc                HAL_RCC_GetClockConfig
 .text.HAL_RCC_NMI_IRQHandler
                0x0000000008008640       0x28 ./Drivers/STM32F4xx_HAL_Driver/Src/stm32f4xx_hal_rcc.o
                0x0000000008008640                HAL_RCC_NMI_IRQHandler
 .text.HAL_RCC_CSSCallback
                0x0000000008008668        0xe ./Drivers/STM32F4xx_HAL_Driver/Src/stm32f4xx_hal_rcc.o
                0x0000000008008668                HAL_RCC_CSSCallback
 *fill*         0x0000000008008676        0x2 
 .text.HAL_RCC_OscConfig
                0x0000000008008678      0x508 ./Drivers/STM32F4xx_HAL_Driver/Src/stm32f4xx_hal_rcc_ex.o
                0x0000000008008678                HAL_RCC_OscConfig
 .text.HAL_SPI_Init
                0x0000000008008b80      0x112 ./Drivers/STM32F4xx_HAL_Driver/Src/stm32f4xx_hal_spi.o
                0x0000000008008b80                HAL_SPI_Init
 .text.HAL_SPI_Transmit
                0x0000000008008c92      0x278 ./Drivers/STM32F4xx_HAL_Driver/Src/stm32f4xx_hal_spi.o
                0x0000000008008c92                HAL_SPI_Transmit
 .text.HAL_SPI_Receive
                0x0000000008008f0a      0x222 ./Drivers/STM32F4xx_HAL_Driver/Src/stm32f4xx_hal_spi.o
                0x0000000008008f0a                HAL_SPI_Receive
 .text.HAL_SPI_TransmitReceive
                0x000000000800912c      0x344 ./Drivers/STM32F4xx_HAL_Driver/Src/stm32f4xx_hal_spi.o
                0x000000000800912c                HAL_SPI_TransmitReceive
 .text.SPI_WaitFlagStateUntilTimeout
                0x0000000008009470      0x110 ./Drivers/STM32F4xx_HAL_Driver/Src/stm32f4xx_hal_spi.o
 .text.SPI_EndRxTransaction
                0x0000000008009580       0xca ./Drivers/STM32F4xx_HAL_Driver/Src/stm32f4xx_hal_spi.o
 *fill*         0x000000000800964a        0x2 
 .text.SPI_EndRxTxTransaction
                0x000000000800964c       0x84 ./Drivers/STM32F4xx_HAL_Driver/Src/stm32f4xx_hal_spi.o
 .text.HAL_TIM_Base_Init
                0x00000000080096d0       0x9e ./Drivers/STM32F4xx_HAL_Driver/Src/stm32f4xx_hal_tim.o
                0x00000000080096d0                HAL_TIM_Base_Init
 .text.HAL_TIM_Base_MspInit
                0x000000000800976e       0x14 ./Drivers/STM32F4xx_HAL_Driver/Src/stm32f4xx_hal_tim.o
                0x000000000800976e                HAL_TIM_Base_MspInit
 *fill*         0x0000000008009782        0x2 
 .text.HAL_TIM_Base_Start_IT
                0x0000000008009784       0xe0 ./Drivers/STM32F4xx_HAL_Driver/Src/stm32f4xx_hal_tim.o
                0x0000000008009784                HAL_TIM_Base_Start_IT
 .text.HAL_TIM_IRQHandler
                0x0000000008009864      0x210 ./Drivers/STM32F4xx_HAL_Driver/Src/stm32f4xx_hal_tim.o
                0x0000000008009864                HAL_TIM_IRQHandler
 .text.HAL_TIM_OC_DelayElapsedCallback
                0x0000000008009a74       0x14 ./Drivers/STM32F4xx_HAL_Driver/Src/stm32f4xx_hal_tim.o
                0x0000000008009a74                HAL_TIM_OC_DelayElapsedCallback
 .text.HAL_TIM_IC_CaptureCallback
                0x0000000008009a88       0x14 ./Drivers/STM32F4xx_HAL_Driver/Src/stm32f4xx_hal_tim.o
                0x0000000008009a88                HAL_TIM_IC_CaptureCallback
 .text.HAL_TIM_PWM_PulseFinishedCallback
                0x0000000008009a9c       0x14 ./Drivers/STM32F4xx_HAL_Driver/Src/stm32f4xx_hal_tim.o
                0x0000000008009a9c                HAL_TIM_PWM_PulseFinishedCallback
 .text.HAL_TIM_TriggerCallback
                0x0000000008009ab0       0x14 ./Drivers/STM32F4xx_HAL_Driver/Src/stm32f4xx_hal_tim.o
                0x0000000008009ab0                HAL_TIM_TriggerCallback
 .text.TIM_Base_SetConfig
                0x0000000008009ac4      0x140 ./Drivers/STM32F4xx_HAL_Driver/Src/stm32f4xx_hal_tim.o
                0x0000000008009ac4                TIM_Base_SetConfig
 .text.HAL_TIMEx_CommutCallback
                0x0000000008009c04       0x14 ./Drivers/STM32F4xx_HAL_Driver/Src/stm32f4xx_hal_tim_ex.o
                0x0000000008009c04                HAL_TIMEx_CommutCallback
 .text.HAL_TIMEx_BreakCallback
                0x0000000008009c18       0x14 ./Drivers/STM32F4xx_HAL_Driver/Src/stm32f4xx_hal_tim_ex.o
                0x0000000008009c18                HAL_TIMEx_BreakCallback
 .text.HAL_UART_Init
                0x0000000008009c2c       0x9a ./Drivers/STM32F4xx_HAL_Driver/Src/stm32f4xx_hal_uart.o
                0x0000000008009c2c                HAL_UART_Init
 .text.HAL_UART_Receive_DMA
                0x0000000008009cc6       0x60 ./Drivers/STM32F4xx_HAL_Driver/Src/stm32f4xx_hal_uart.o
                0x0000000008009cc6                HAL_UART_Receive_DMA
 .text.HAL_UART_RxHalfCpltCallback
                0x0000000008009d26       0x14 ./Drivers/STM32F4xx_HAL_Driver/Src/stm32f4xx_hal_uart.o
                0x0000000008009d26                HAL_UART_RxHalfCpltCallback
 .text.HAL_UART_ErrorCallback
                0x0000000008009d3a       0x14 ./Drivers/STM32F4xx_HAL_Driver/Src/stm32f4xx_hal_uart.o
                0x0000000008009d3a                HAL_UART_ErrorCallback
 .text.HAL_UARTEx_RxEventCallback
                0x0000000008009d4e       0x18 ./Drivers/STM32F4xx_HAL_Driver/Src/stm32f4xx_hal_uart.o
                0x0000000008009d4e                HAL_UARTEx_RxEventCallback
 .text.UART_DMAReceiveCplt
                0x0000000008009d66      0x126 ./Drivers/STM32F4xx_HAL_Driver/Src/stm32f4xx_hal_uart.o
 .text.UART_DMARxHalfCplt
                0x0000000008009e8c       0x36 ./Drivers/STM32F4xx_HAL_Driver/Src/stm32f4xx_hal_uart.o
 .text.UART_DMAError
                0x0000000008009ec2       0x94 ./Drivers/STM32F4xx_HAL_Driver/Src/stm32f4xx_hal_uart.o
 *fill*         0x0000000008009f56        0x2 
 .text.UART_Start_Receive_DMA
                0x0000000008009f58      0x13c ./Drivers/STM32F4xx_HAL_Driver/Src/stm32f4xx_hal_uart.o
                0x0000000008009f58                UART_Start_Receive_DMA
 .text.UART_EndTxTransfer
                0x000000000800a094       0x50 ./Drivers/STM32F4xx_HAL_Driver/Src/stm32f4xx_hal_uart.o
 .text.UART_EndRxTransfer
                0x000000000800a0e4       0xc6 ./Drivers/STM32F4xx_HAL_Driver/Src/stm32f4xx_hal_uart.o
 *fill*         0x000000000800a1aa        0x2 
 .text.UART_SetConfig
                0x000000000800a1ac      0x4e8 ./Drivers/STM32F4xx_HAL_Driver/Src/stm32f4xx_hal_uart.o
 .text.__NVIC_SetPriority
                0x000000000800a694       0x54 ./Middlewares/Third_Party/FreeRTOS/Source/CMSIS_RTOS_V2/cmsis_os2.o
 .text.SysTick_Handler
                0x000000000800a6e8       0x20 ./Middlewares/Third_Party/FreeRTOS/Source/CMSIS_RTOS_V2/cmsis_os2.o
                0x000000000800a6e8                SysTick_Handler
 .text.SVC_Setup
                0x000000000800a708       0x12 ./Middlewares/Third_Party/FreeRTOS/Source/CMSIS_RTOS_V2/cmsis_os2.o
 *fill*         0x000000000800a71a        0x2 
 .text.osKernelInitialize
                0x000000000800a71c       0x48 ./Middlewares/Third_Party/FreeRTOS/Source/CMSIS_RTOS_V2/cmsis_os2.o
                0x000000000800a71c                osKernelInitialize
 .text.osKernelStart
                0x000000000800a764       0x4c ./Middlewares/Third_Party/FreeRTOS/Source/CMSIS_RTOS_V2/cmsis_os2.o
                0x000000000800a764                osKernelStart
 .text.osThreadNew
                0x000000000800a7b0      0x126 ./Middlewares/Third_Party/FreeRTOS/Source/CMSIS_RTOS_V2/cmsis_os2.o
                0x000000000800a7b0                osThreadNew
 .text.osDelay  0x000000000800a8d6       0x36 ./Middlewares/Third_Party/FreeRTOS/Source/CMSIS_RTOS_V2/cmsis_os2.o
                0x000000000800a8d6                osDelay
 .text.vApplicationGetIdleTaskMemory
                0x000000000800a90c       0x34 ./Middlewares/Third_Party/FreeRTOS/Source/CMSIS_RTOS_V2/cmsis_os2.o
                0x000000000800a90c                vApplicationGetIdleTaskMemory
 .text.vApplicationGetTimerTaskMemory
                0x000000000800a940       0x34 ./Middlewares/Third_Party/FreeRTOS/Source/CMSIS_RTOS_V2/cmsis_os2.o
                0x000000000800a940                vApplicationGetTimerTaskMemory
 .text.vListInitialise
                0x000000000800a974       0x40 ./Middlewares/Third_Party/FreeRTOS/Source/list.o
                0x000000000800a974                vListInitialise
 .text.vListInitialiseItem
                0x000000000800a9b4       0x1a ./Middlewares/Third_Party/FreeRTOS/Source/list.o
                0x000000000800a9b4                vListInitialiseItem
 .text.vListInsertEnd
                0x000000000800a9ce       0x48 ./Middlewares/Third_Party/FreeRTOS/Source/list.o
                0x000000000800a9ce                vListInsertEnd
 .text.vListInsert
                0x000000000800aa16       0x72 ./Middlewares/Third_Party/FreeRTOS/Source/list.o
                0x000000000800aa16                vListInsert
 .text.uxListRemove
                0x000000000800aa88       0x54 ./Middlewares/Third_Party/FreeRTOS/Source/list.o
                0x000000000800aa88                uxListRemove
 .text.xQueueGenericReset
                0x000000000800aadc       0xd0 ./Middlewares/Third_Party/FreeRTOS/Source/queue.o
                0x000000000800aadc                xQueueGenericReset
 .text.xQueueGenericCreateStatic
                0x000000000800abac       0xf0 ./Middlewares/Third_Party/FreeRTOS/Source/queue.o
                0x000000000800abac                xQueueGenericCreateStatic
 .text.prvInitialiseNewQueue
                0x000000000800ac9c       0x46 ./Middlewares/Third_Party/FreeRTOS/Source/queue.o
 *fill*         0x000000000800ace2        0x2 
 .text.xQueueGenericSend
                0x000000000800ace4      0x1fc ./Middlewares/Third_Party/FreeRTOS/Source/queue.o
                0x000000000800ace4                xQueueGenericSend
 .text.xQueueGenericSendFromISR
                0x000000000800aee0      0x136 ./Middlewares/Third_Party/FreeRTOS/Source/queue.o
                0x000000000800aee0                xQueueGenericSendFromISR
 *fill*         0x000000000800b016        0x2 
 .text.xQueueReceive
                0x000000000800b018      0x1c0 ./Middlewares/Third_Party/FreeRTOS/Source/queue.o
                0x000000000800b018                xQueueReceive
 .text.prvCopyDataToQueue
                0x000000000800b1d8       0xd4 ./Middlewares/Third_Party/FreeRTOS/Source/queue.o
 .text.prvCopyDataFromQueue
                0x000000000800b2ac       0x4c ./Middlewares/Third_Party/FreeRTOS/Source/queue.o
 .text.prvUnlockQueue
                0x000000000800b2f8       0xa4 ./Middlewares/Third_Party/FreeRTOS/Source/queue.o
 .text.prvIsQueueEmpty
                0x000000000800b39c       0x2c ./Middlewares/Third_Party/FreeRTOS/Source/queue.o
 .text.prvIsQueueFull
                0x000000000800b3c8       0x30 ./Middlewares/Third_Party/FreeRTOS/Source/queue.o
 .text.vQueueAddToRegistry
                0x000000000800b3f8       0x54 ./Middlewares/Third_Party/FreeRTOS/Source/queue.o
                0x000000000800b3f8                vQueueAddToRegistry
 .text.vQueueWaitForMessageRestricted
                0x000000000800b44c       0x68 ./Middlewares/Third_Party/FreeRTOS/Source/queue.o
                0x000000000800b44c                vQueueWaitForMessageRestricted
 .text.xTaskCreateStatic
                0x000000000800b4b4       0xba ./Middlewares/Third_Party/FreeRTOS/Source/tasks.o
                0x000000000800b4b4                xTaskCreateStatic
 .text.xTaskCreate
                0x000000000800b56e       0x8a ./Middlewares/Third_Party/FreeRTOS/Source/tasks.o
                0x000000000800b56e                xTaskCreate
 .text.prvInitialiseNewTask
                0x000000000800b5f8      0x14c ./Middlewares/Third_Party/FreeRTOS/Source/tasks.o
 .text.prvAddNewTaskToReadyList
                0x000000000800b744       0xe0 ./Middlewares/Third_Party/FreeRTOS/Source/tasks.o
 .text.vTaskDelay
                0x000000000800b824       0x68 ./Middlewares/Third_Party/FreeRTOS/Source/tasks.o
                0x000000000800b824                vTaskDelay
 .text.vTaskStartScheduler
                0x000000000800b88c       0xe0 ./Middlewares/Third_Party/FreeRTOS/Source/tasks.o
                0x000000000800b88c                vTaskStartScheduler
 .text.vTaskSuspendAll
                0x000000000800b96c       0x1c ./Middlewares/Third_Party/FreeRTOS/Source/tasks.o
                0x000000000800b96c                vTaskSuspendAll
 .text.xTaskResumeAll
                0x000000000800b988      0x13c ./Middlewares/Third_Party/FreeRTOS/Source/tasks.o
                0x000000000800b988                xTaskResumeAll
 .text.xTaskGetTickCount
                0x000000000800bac4       0x20 ./Middlewares/Third_Party/FreeRTOS/Source/tasks.o
                0x000000000800bac4                xTaskGetTickCount
 .text.xTaskIncrementTick
                0x000000000800bae4      0x174 ./Middlewares/Third_Party/FreeRTOS/Source/tasks.o
                0x000000000800bae4                xTaskIncrementTick
 .text.vTaskSwitchContext
                0x000000000800bc58       0xc8 ./Middlewares/Third_Party/FreeRTOS/Source/tasks.o
                0x000000000800bc58                vTaskSwitchContext
 .text.vTaskPlaceOnEventList
                0x000000000800bd20       0x48 ./Middlewares/Third_Party/FreeRTOS/Source/tasks.o
                0x000000000800bd20                vTaskPlaceOnEventList
 .text.vTaskPlaceOnEventListRestricted
                0x000000000800bd68       0x58 ./Middlewares/Third_Party/FreeRTOS/Source/tasks.o
                0x000000000800bd68                vTaskPlaceOnEventListRestricted
 .text.xTaskRemoveFromEventList
                0x000000000800bdc0       0xc8 ./Middlewares/Third_Party/FreeRTOS/Source/tasks.o
                0x000000000800bdc0                xTaskRemoveFromEventList
 .text.vTaskInternalSetTimeOutState
                0x000000000800be88       0x2c ./Middlewares/Third_Party/FreeRTOS/Source/tasks.o
                0x000000000800be88                vTaskInternalSetTimeOutState
 .text.xTaskCheckForTimeOut
                0x000000000800beb4       0xc4 ./Middlewares/Third_Party/FreeRTOS/Source/tasks.o
                0x000000000800beb4                xTaskCheckForTimeOut
 .text.vTaskMissedYield
                0x000000000800bf78       0x18 ./Middlewares/Third_Party/FreeRTOS/Source/tasks.o
                0x000000000800bf78                vTaskMissedYield
 .text.prvIdleTask
                0x000000000800bf90       0x30 ./Middlewares/Third_Party/FreeRTOS/Source/tasks.o
 .text.prvInitialiseTaskLists
                0x000000000800bfc0       0x80 ./Middlewares/Third_Party/FreeRTOS/Source/tasks.o
 .text.prvCheckTasksWaitingTermination
                0x000000000800c040       0x5c ./Middlewares/Third_Party/FreeRTOS/Source/tasks.o
 .text.prvDeleteTCB
                0x000000000800c09c       0x68 ./Middlewares/Third_Party/FreeRTOS/Source/tasks.o
 .text.prvResetNextTaskUnblockTime
                0x000000000800c104       0x40 ./Middlewares/Third_Party/FreeRTOS/Source/tasks.o
 .text.xTaskGetSchedulerState
                0x000000000800c144       0x3c ./Middlewares/Third_Party/FreeRTOS/Source/tasks.o
                0x000000000800c144                xTaskGetSchedulerState
 .text.xTaskPriorityDisinherit
                0x000000000800c180       0xdc ./Middlewares/Third_Party/FreeRTOS/Source/tasks.o
                0x000000000800c180                xTaskPriorityDisinherit
 .text.prvAddCurrentTaskToDelayedList
                0x000000000800c25c       0xa8 ./Middlewares/Third_Party/FreeRTOS/Source/tasks.o
 .text.xTimerCreateTimerTask
                0x000000000800c304       0x90 ./Middlewares/Third_Party/FreeRTOS/Source/timers.o
                0x000000000800c304                xTimerCreateTimerTask
 .text.xTimerGenericCommand
                0x000000000800c394       0x9c ./Middlewares/Third_Party/FreeRTOS/Source/timers.o
                0x000000000800c394                xTimerGenericCommand
 .text.prvProcessExpiredTimer
                0x000000000800c430       0x98 ./Middlewares/Third_Party/FreeRTOS/Source/timers.o
 .text.prvTimerTask
                0x000000000800c4c8       0x24 ./Middlewares/Third_Party/FreeRTOS/Source/timers.o
 .text.prvProcessTimerOrBlockTask
                0x000000000800c4ec       0x9c ./Middlewares/Third_Party/FreeRTOS/Source/timers.o
 .text.prvGetNextExpireTime
                0x000000000800c588       0x48 ./Middlewares/Third_Party/FreeRTOS/Source/timers.o
 .text.prvSampleTimeNow
                0x000000000800c5d0       0x40 ./Middlewares/Third_Party/FreeRTOS/Source/timers.o
 .text.prvInsertTimerInActiveList
                0x000000000800c610       0x84 ./Middlewares/Third_Party/FreeRTOS/Source/timers.o
 .text.prvProcessReceivedCommands
                0x000000000800c694      0x1c4 ./Middlewares/Third_Party/FreeRTOS/Source/timers.o
 .text.prvSwitchTimerLists
                0x000000000800c858       0xc8 ./Middlewares/Third_Party/FreeRTOS/Source/timers.o
 .text.prvCheckForValidListAndQueue
                0x000000000800c920       0x80 ./Middlewares/Third_Party/FreeRTOS/Source/timers.o
 .text.pxPortInitialiseStack
                0x000000000800c9a0       0x68 ./Middlewares/Third_Party/FreeRTOS/Source/portable/GCC/ARM_CM4F/port.o
                0x000000000800c9a0                pxPortInitialiseStack
 .text.prvTaskExitError
                0x000000000800ca08       0x58 ./Middlewares/Third_Party/FreeRTOS/Source/portable/GCC/ARM_CM4F/port.o
 .text.SVC_Handler
                0x000000000800ca60       0x28 ./Middlewares/Third_Party/FreeRTOS/Source/portable/GCC/ARM_CM4F/port.o
                0x000000000800ca60                SVC_Handler
 .text.prvPortStartFirstTask
                0x000000000800ca88       0x28 ./Middlewares/Third_Party/FreeRTOS/Source/portable/GCC/ARM_CM4F/port.o
 .text.xPortStartScheduler
                0x000000000800cab0      0x144 ./Middlewares/Third_Party/FreeRTOS/Source/portable/GCC/ARM_CM4F/port.o
                0x000000000800cab0                xPortStartScheduler
 .text.vPortEnterCritical
                0x000000000800cbf4       0x60 ./Middlewares/Third_Party/FreeRTOS/Source/portable/GCC/ARM_CM4F/port.o
                0x000000000800cbf4                vPortEnterCritical
 .text.vPortExitCritical
                0x000000000800cc54       0x54 ./Middlewares/Third_Party/FreeRTOS/Source/portable/GCC/ARM_CM4F/port.o
                0x000000000800cc54                vPortExitCritical
 *fill*         0x000000000800cca8        0x8 
 .text.PendSV_Handler
                0x000000000800ccb0       0x68 ./Middlewares/Third_Party/FreeRTOS/Source/portable/GCC/ARM_CM4F/port.o
                0x000000000800ccb0                PendSV_Handler
 .text.xPortSysTickHandler
                0x000000000800cd18       0x44 ./Middlewares/Third_Party/FreeRTOS/Source/portable/GCC/ARM_CM4F/port.o
                0x000000000800cd18                xPortSysTickHandler
 .text.vPortSetupTimerInterrupt
                0x000000000800cd5c       0x48 ./Middlewares/Third_Party/FreeRTOS/Source/portable/GCC/ARM_CM4F/port.o
                0x000000000800cd5c                vPortSetupTimerInterrupt
 .text.vPortEnableVFP
                0x000000000800cda4       0x14 ./Middlewares/Third_Party/FreeRTOS/Source/portable/GCC/ARM_CM4F/port.o
 .text.vPortValidateInterruptPriority
                0x000000000800cdb8       0x80 ./Middlewares/Third_Party/FreeRTOS/Source/portable/GCC/ARM_CM4F/port.o
                0x000000000800cdb8                vPortValidateInterruptPriority
 .text.pvPortMalloc
                0x000000000800ce38      0x198 ./Middlewares/Third_Party/FreeRTOS/Source/portable/MemMang/heap_4.o
                0x000000000800ce38                pvPortMalloc
 .text.vPortFree
                0x000000000800cfd0       0xc4 ./Middlewares/Third_Party/FreeRTOS/Source/portable/MemMang/heap_4.o
                0x000000000800cfd0                vPortFree
 .text.prvHeapInit
                0x000000000800d094       0xc4 ./Middlewares/Third_Party/FreeRTOS/Source/portable/MemMang/heap_4.o
 .text.prvInsertBlockIntoFreeList
                0x000000000800d158       0xb4 ./Middlewares/Third_Party/FreeRTOS/Source/portable/MemMang/heap_4.o
 .text.__errno  0x000000000800d20c        0xc c:/st/stm32cubeide_1.9.0/stm32cubeide/plugins/com.st.stm32cube.ide.mcu.externaltools.gnu-tools-for-stm32.10.3-2021.10.win32_1.0.0.202111181127/tools/bin/../lib/gcc/arm-none-eabi/10.3.1/../../../../arm-none-eabi/lib/thumb/v7e-m+fp/hard\libc_nano.a(lib_a-errno.o)
                0x000000000800d20c                __errno
 .text.std      0x000000000800d218       0x48 c:/st/stm32cubeide_1.9.0/stm32cubeide/plugins/com.st.stm32cube.ide.mcu.externaltools.gnu-tools-for-stm32.10.3-2021.10.win32_1.0.0.202111181127/tools/bin/../lib/gcc/arm-none-eabi/10.3.1/../../../../arm-none-eabi/lib/thumb/v7e-m+fp/hard\libc_nano.a(lib_a-findfp.o)
 .text._cleanup_r
                0x000000000800d260        0xc c:/st/stm32cubeide_1.9.0/stm32cubeide/plugins/com.st.stm32cube.ide.mcu.externaltools.gnu-tools-for-stm32.10.3-2021.10.win32_1.0.0.202111181127/tools/bin/../lib/gcc/arm-none-eabi/10.3.1/../../../../arm-none-eabi/lib/thumb/v7e-m+fp/hard\libc_nano.a(lib_a-findfp.o)
                0x000000000800d260                _cleanup_r
 .text.__sfmoreglue
                0x000000000800d26c       0x2c c:/st/stm32cubeide_1.9.0/stm32cubeide/plugins/com.st.stm32cube.ide.mcu.externaltools.gnu-tools-for-stm32.10.3-2021.10.win32_1.0.0.202111181127/tools/bin/../lib/gcc/arm-none-eabi/10.3.1/../../../../arm-none-eabi/lib/thumb/v7e-m+fp/hard\libc_nano.a(lib_a-findfp.o)
                0x000000000800d26c                __sfmoreglue
 .text.__sfp_lock_acquire
                0x000000000800d298        0xc c:/st/stm32cubeide_1.9.0/stm32cubeide/plugins/com.st.stm32cube.ide.mcu.externaltools.gnu-tools-for-stm32.10.3-2021.10.win32_1.0.0.202111181127/tools/bin/../lib/gcc/arm-none-eabi/10.3.1/../../../../arm-none-eabi/lib/thumb/v7e-m+fp/hard\libc_nano.a(lib_a-findfp.o)
                0x000000000800d298                __sfp_lock_acquire
 .text.__sfp_lock_release
                0x000000000800d2a4        0xc c:/st/stm32cubeide_1.9.0/stm32cubeide/plugins/com.st.stm32cube.ide.mcu.externaltools.gnu-tools-for-stm32.10.3-2021.10.win32_1.0.0.202111181127/tools/bin/../lib/gcc/arm-none-eabi/10.3.1/../../../../arm-none-eabi/lib/thumb/v7e-m+fp/hard\libc_nano.a(lib_a-findfp.o)
                0x000000000800d2a4                __sfp_lock_release
 .text.__sinit_lock_acquire
                0x000000000800d2b0        0xc c:/st/stm32cubeide_1.9.0/stm32cubeide/plugins/com.st.stm32cube.ide.mcu.externaltools.gnu-tools-for-stm32.10.3-2021.10.win32_1.0.0.202111181127/tools/bin/../lib/gcc/arm-none-eabi/10.3.1/../../../../arm-none-eabi/lib/thumb/v7e-m+fp/hard\libc_nano.a(lib_a-findfp.o)
                0x000000000800d2b0                __sinit_lock_acquire
 .text.__sinit_lock_release
                0x000000000800d2bc        0xc c:/st/stm32cubeide_1.9.0/stm32cubeide/plugins/com.st.stm32cube.ide.mcu.externaltools.gnu-tools-for-stm32.10.3-2021.10.win32_1.0.0.202111181127/tools/bin/../lib/gcc/arm-none-eabi/10.3.1/../../../../arm-none-eabi/lib/thumb/v7e-m+fp/hard\libc_nano.a(lib_a-findfp.o)
                0x000000000800d2bc                __sinit_lock_release
 .text.__sinit  0x000000000800d2c8       0x70 c:/st/stm32cubeide_1.9.0/stm32cubeide/plugins/com.st.stm32cube.ide.mcu.externaltools.gnu-tools-for-stm32.10.3-2021.10.win32_1.0.0.202111181127/tools/bin/../lib/gcc/arm-none-eabi/10.3.1/../../../../arm-none-eabi/lib/thumb/v7e-m+fp/hard\libc_nano.a(lib_a-findfp.o)
                0x000000000800d2c8                __sinit
 .text.__sfp    0x000000000800d338       0x8c c:/st/stm32cubeide_1.9.0/stm32cubeide/plugins/com.st.stm32cube.ide.mcu.externaltools.gnu-tools-for-stm32.10.3-2021.10.win32_1.0.0.202111181127/tools/bin/../lib/gcc/arm-none-eabi/10.3.1/../../../../arm-none-eabi/lib/thumb/v7e-m+fp/hard\libc_nano.a(lib_a-findfp.o)
                0x000000000800d338                __sfp
 .text._fwalk_reent
                0x000000000800d3c4       0x3e c:/st/stm32cubeide_1.9.0/stm32cubeide/plugins/com.st.stm32cube.ide.mcu.externaltools.gnu-tools-for-stm32.10.3-2021.10.win32_1.0.0.202111181127/tools/bin/../lib/gcc/arm-none-eabi/10.3.1/../../../../arm-none-eabi/lib/thumb/v7e-m+fp/hard\libc_nano.a(lib_a-fwalk.o)
                0x000000000800d3c4                _fwalk_reent
 *fill*         0x000000000800d402        0x2 
 .text.__libc_init_array
                0x000000000800d404       0x48 c:/st/stm32cubeide_1.9.0/stm32cubeide/plugins/com.st.stm32cube.ide.mcu.externaltools.gnu-tools-for-stm32.10.3-2021.10.win32_1.0.0.202111181127/tools/bin/../lib/gcc/arm-none-eabi/10.3.1/../../../../arm-none-eabi/lib/thumb/v7e-m+fp/hard\libc_nano.a(lib_a-init.o)
                0x000000000800d404                __libc_init_array
 .text.__retarget_lock_init_recursive
                0x000000000800d44c        0x2 c:/st/stm32cubeide_1.9.0/stm32cubeide/plugins/com.st.stm32cube.ide.mcu.externaltools.gnu-tools-for-stm32.10.3-2021.10.win32_1.0.0.202111181127/tools/bin/../lib/gcc/arm-none-eabi/10.3.1/../../../../arm-none-eabi/lib/thumb/v7e-m+fp/hard\libc_nano.a(lib_a-lock.o)
                0x000000000800d44c                __retarget_lock_init_recursive
 .text.__retarget_lock_acquire_recursive
                0x000000000800d44e        0x2 c:/st/stm32cubeide_1.9.0/stm32cubeide/plugins/com.st.stm32cube.ide.mcu.externaltools.gnu-tools-for-stm32.10.3-2021.10.win32_1.0.0.202111181127/tools/bin/../lib/gcc/arm-none-eabi/10.3.1/../../../../arm-none-eabi/lib/thumb/v7e-m+fp/hard\libc_nano.a(lib_a-lock.o)
                0x000000000800d44e                __retarget_lock_acquire_recursive
 .text.__retarget_lock_release_recursive
                0x000000000800d450        0x2 c:/st/stm32cubeide_1.9.0/stm32cubeide/plugins/com.st.stm32cube.ide.mcu.externaltools.gnu-tools-for-stm32.10.3-2021.10.win32_1.0.0.202111181127/tools/bin/../lib/gcc/arm-none-eabi/10.3.1/../../../../arm-none-eabi/lib/thumb/v7e-m+fp/hard\libc_nano.a(lib_a-lock.o)
                0x000000000800d450                __retarget_lock_release_recursive
 .text.memcpy   0x000000000800d452       0x1c c:/st/stm32cubeide_1.9.0/stm32cubeide/plugins/com.st.stm32cube.ide.mcu.externaltools.gnu-tools-for-stm32.10.3-2021.10.win32_1.0.0.202111181127/tools/bin/../lib/gcc/arm-none-eabi/10.3.1/../../../../arm-none-eabi/lib/thumb/v7e-m+fp/hard\libc_nano.a(lib_a-memcpy-stub.o)
                0x000000000800d452                memcpy
 .text.memset   0x000000000800d46e       0x10 c:/st/stm32cubeide_1.9.0/stm32cubeide/plugins/com.st.stm32cube.ide.mcu.externaltools.gnu-tools-for-stm32.10.3-2021.10.win32_1.0.0.202111181127/tools/bin/../lib/gcc/arm-none-eabi/10.3.1/../../../../arm-none-eabi/lib/thumb/v7e-m+fp/hard\libc_nano.a(lib_a-memset.o)
                0x000000000800d46e                memset
 *fill*         0x000000000800d47e        0x2 
 .text.sbrk_aligned
                0x000000000800d480       0x40 c:/st/stm32cubeide_1.9.0/stm32cubeide/plugins/com.st.stm32cube.ide.mcu.externaltools.gnu-tools-for-stm32.10.3-2021.10.win32_1.0.0.202111181127/tools/bin/../lib/gcc/arm-none-eabi/10.3.1/../../../../arm-none-eabi/lib/thumb/v7e-m+fp/hard\libc_nano.a(lib_a-nano-mallocr.o)
 .text._malloc_r
                0x000000000800d4c0       0xe8 c:/st/stm32cubeide_1.9.0/stm32cubeide/plugins/com.st.stm32cube.ide.mcu.externaltools.gnu-tools-for-stm32.10.3-2021.10.win32_1.0.0.202111181127/tools/bin/../lib/gcc/arm-none-eabi/10.3.1/../../../../arm-none-eabi/lib/thumb/v7e-m+fp/hard\libc_nano.a(lib_a-nano-mallocr.o)
                0x000000000800d4c0                _malloc_r
 .text.__cvt    0x000000000800d5a8       0xc4 c:/st/stm32cubeide_1.9.0/stm32cubeide/plugins/com.st.stm32cube.ide.mcu.externaltools.gnu-tools-for-stm32.10.3-2021.10.win32_1.0.0.202111181127/tools/bin/../lib/gcc/arm-none-eabi/10.3.1/../../../../arm-none-eabi/lib/thumb/v7e-m+fp/hard\libc_nano.a(lib_a-nano-vfprintf_float.o)
                0x000000000800d5a8                __cvt
 .text.__exponent
                0x000000000800d66c       0x7c c:/st/stm32cubeide_1.9.0/stm32cubeide/plugins/com.st.stm32cube.ide.mcu.externaltools.gnu-tools-for-stm32.10.3-2021.10.win32_1.0.0.202111181127/tools/bin/../lib/gcc/arm-none-eabi/10.3.1/../../../../arm-none-eabi/lib/thumb/v7e-m+fp/hard\libc_nano.a(lib_a-nano-vfprintf_float.o)
                0x000000000800d66c                __exponent
 .text._printf_float
                0x000000000800d6e8      0x46c c:/st/stm32cubeide_1.9.0/stm32cubeide/plugins/com.st.stm32cube.ide.mcu.externaltools.gnu-tools-for-stm32.10.3-2021.10.win32_1.0.0.202111181127/tools/bin/../lib/gcc/arm-none-eabi/10.3.1/../../../../arm-none-eabi/lib/thumb/v7e-m+fp/hard\libc_nano.a(lib_a-nano-vfprintf_float.o)
                0x000000000800d6e8                _printf_float
 .text._printf_common
                0x000000000800db54       0xda c:/st/stm32cubeide_1.9.0/stm32cubeide/plugins/com.st.stm32cube.ide.mcu.externaltools.gnu-tools-for-stm32.10.3-2021.10.win32_1.0.0.202111181127/tools/bin/../lib/gcc/arm-none-eabi/10.3.1/../../../../arm-none-eabi/lib/thumb/v7e-m+fp/hard\libc_nano.a(lib_a-nano-vfprintf_i.o)
                0x000000000800db54                _printf_common
 *fill*         0x000000000800dc2e        0x2 
 .text._printf_i
                0x000000000800dc30      0x24c c:/st/stm32cubeide_1.9.0/stm32cubeide/plugins/com.st.stm32cube.ide.mcu.externaltools.gnu-tools-for-stm32.10.3-2021.10.win32_1.0.0.202111181127/tools/bin/../lib/gcc/arm-none-eabi/10.3.1/../../../../arm-none-eabi/lib/thumb/v7e-m+fp/hard\libc_nano.a(lib_a-nano-vfprintf_i.o)
                0x000000000800dc30                _printf_i
 .text._scanf_float
                0x000000000800de7c      0x420 c:/st/stm32cubeide_1.9.0/stm32cubeide/plugins/com.st.stm32cube.ide.mcu.externaltools.gnu-tools-for-stm32.10.3-2021.10.win32_1.0.0.202111181127/tools/bin/../lib/gcc/arm-none-eabi/10.3.1/../../../../arm-none-eabi/lib/thumb/v7e-m+fp/hard\libc_nano.a(lib_a-nano-vfscanf_float.o)
                0x000000000800de7c                _scanf_float
 .text.cleanup_glue
                0x000000000800e29c       0x1a c:/st/stm32cubeide_1.9.0/stm32cubeide/plugins/com.st.stm32cube.ide.mcu.externaltools.gnu-tools-for-stm32.10.3-2021.10.win32_1.0.0.202111181127/tools/bin/../lib/gcc/arm-none-eabi/10.3.1/../../../../arm-none-eabi/lib/thumb/v7e-m+fp/hard\libc_nano.a(lib_a-reent.o)
                0x000000000800e29c                cleanup_glue
 *fill*         0x000000000800e2b6        0x2 
 .text._reclaim_reent
                0x000000000800e2b8       0xb8 c:/st/stm32cubeide_1.9.0/stm32cubeide/plugins/com.st.stm32cube.ide.mcu.externaltools.gnu-tools-for-stm32.10.3-2021.10.win32_1.0.0.202111181127/tools/bin/../lib/gcc/arm-none-eabi/10.3.1/../../../../arm-none-eabi/lib/thumb/v7e-m+fp/hard\libc_nano.a(lib_a-reent.o)
                0x000000000800e2b8                _reclaim_reent
 .text._sbrk_r  0x000000000800e370       0x20 c:/st/stm32cubeide_1.9.0/stm32cubeide/plugins/com.st.stm32cube.ide.mcu.externaltools.gnu-tools-for-stm32.10.3-2021.10.win32_1.0.0.202111181127/tools/bin/../lib/gcc/arm-none-eabi/10.3.1/../../../../arm-none-eabi/lib/thumb/v7e-m+fp/hard\libc_nano.a(lib_a-sbrkr.o)
                0x000000000800e370                _sbrk_r
 .text.nanf     0x000000000800e390        0xc c:/st/stm32cubeide_1.9.0/stm32cubeide/plugins/com.st.stm32cube.ide.mcu.externaltools.gnu-tools-for-stm32.10.3-2021.10.win32_1.0.0.202111181127/tools/bin/../lib/gcc/arm-none-eabi/10.3.1/../../../../arm-none-eabi/lib/thumb/v7e-m+fp/hard\libc_nano.a(lib_a-sf_nan.o)
                0x000000000800e390                nanf
 .text.sprintf  0x000000000800e39c       0x40 c:/st/stm32cubeide_1.9.0/stm32cubeide/plugins/com.st.stm32cube.ide.mcu.externaltools.gnu-tools-for-stm32.10.3-2021.10.win32_1.0.0.202111181127/tools/bin/../lib/gcc/arm-none-eabi/10.3.1/../../../../arm-none-eabi/lib/thumb/v7e-m+fp/hard\libc_nano.a(lib_a-sprintf.o)
                0x000000000800e39c                siprintf
                0x000000000800e39c                sprintf
 .text.sscanf   0x000000000800e3dc       0x58 c:/st/stm32cubeide_1.9.0/stm32cubeide/plugins/com.st.stm32cube.ide.mcu.externaltools.gnu-tools-for-stm32.10.3-2021.10.win32_1.0.0.202111181127/tools/bin/../lib/gcc/arm-none-eabi/10.3.1/../../../../arm-none-eabi/lib/thumb/v7e-m+fp/hard\libc_nano.a(lib_a-sscanf.o)
                0x000000000800e3dc                siscanf
                0x000000000800e3dc                sscanf
 .text.__sread  0x000000000800e434       0x22 c:/st/stm32cubeide_1.9.0/stm32cubeide/plugins/com.st.stm32cube.ide.mcu.externaltools.gnu-tools-for-stm32.10.3-2021.10.win32_1.0.0.202111181127/tools/bin/../lib/gcc/arm-none-eabi/10.3.1/../../../../arm-none-eabi/lib/thumb/v7e-m+fp/hard\libc_nano.a(lib_a-stdio.o)
                0x000000000800e434                __sread
 .text.__seofread
                0x000000000800e456        0x4 c:/st/stm32cubeide_1.9.0/stm32cubeide/plugins/com.st.stm32cube.ide.mcu.externaltools.gnu-tools-for-stm32.10.3-2021.10.win32_1.0.0.202111181127/tools/bin/../lib/gcc/arm-none-eabi/10.3.1/../../../../arm-none-eabi/lib/thumb/v7e-m+fp/hard\libc_nano.a(lib_a-stdio.o)
                0x000000000800e456                __seofread
 .text.__swrite
                0x000000000800e45a       0x38 c:/st/stm32cubeide_1.9.0/stm32cubeide/plugins/com.st.stm32cube.ide.mcu.externaltools.gnu-tools-for-stm32.10.3-2021.10.win32_1.0.0.202111181127/tools/bin/../lib/gcc/arm-none-eabi/10.3.1/../../../../arm-none-eabi/lib/thumb/v7e-m+fp/hard\libc_nano.a(lib_a-stdio.o)
                0x000000000800e45a                __swrite
 .text.__sseek  0x000000000800e492       0x24 c:/st/stm32cubeide_1.9.0/stm32cubeide/plugins/com.st.stm32cube.ide.mcu.externaltools.gnu-tools-for-stm32.10.3-2021.10.win32_1.0.0.202111181127/tools/bin/../lib/gcc/arm-none-eabi/10.3.1/../../../../arm-none-eabi/lib/thumb/v7e-m+fp/hard\libc_nano.a(lib_a-stdio.o)
                0x000000000800e492                __sseek
 .text.__sclose
                0x000000000800e4b6        0x8 c:/st/stm32cubeide_1.9.0/stm32cubeide/plugins/com.st.stm32cube.ide.mcu.externaltools.gnu-tools-for-stm32.10.3-2021.10.win32_1.0.0.202111181127/tools/bin/../lib/gcc/arm-none-eabi/10.3.1/../../../../arm-none-eabi/lib/thumb/v7e-m+fp/hard\libc_nano.a(lib_a-stdio.o)
                0x000000000800e4b6                __sclose
 .text.sulp     0x000000000800e4be       0x38 c:/st/stm32cubeide_1.9.0/stm32cubeide/plugins/com.st.stm32cube.ide.mcu.externaltools.gnu-tools-for-stm32.10.3-2021.10.win32_1.0.0.202111181127/tools/bin/../lib/gcc/arm-none-eabi/10.3.1/../../../../arm-none-eabi/lib/thumb/v7e-m+fp/hard\libc_nano.a(lib_a-strtod.o)
 *fill*         0x000000000800e4f6        0x2 
 .text._strtod_l
                0x000000000800e4f8      0xc0c c:/st/stm32cubeide_1.9.0/stm32cubeide/plugins/com.st.stm32cube.ide.mcu.externaltools.gnu-tools-for-stm32.10.3-2021.10.win32_1.0.0.202111181127/tools/bin/../lib/gcc/arm-none-eabi/10.3.1/../../../../arm-none-eabi/lib/thumb/v7e-m+fp/hard\libc_nano.a(lib_a-strtod.o)
                0x000000000800e4f8                _strtod_l
 .text._strtod_r
                0x000000000800f104        0xc c:/st/stm32cubeide_1.9.0/stm32cubeide/plugins/com.st.stm32cube.ide.mcu.externaltools.gnu-tools-for-stm32.10.3-2021.10.win32_1.0.0.202111181127/tools/bin/../lib/gcc/arm-none-eabi/10.3.1/../../../../arm-none-eabi/lib/thumb/v7e-m+fp/hard\libc_nano.a(lib_a-strtod.o)
                0x000000000800f104                _strtod_r
 .text._strtol_l.constprop.0
                0x000000000800f110      0x104 c:/st/stm32cubeide_1.9.0/stm32cubeide/plugins/com.st.stm32cube.ide.mcu.externaltools.gnu-tools-for-stm32.10.3-2021.10.win32_1.0.0.202111181127/tools/bin/../lib/gcc/arm-none-eabi/10.3.1/../../../../arm-none-eabi/lib/thumb/v7e-m+fp/hard\libc_nano.a(lib_a-strtol.o)
 .text._strtol_r
                0x000000000800f214        0x4 c:/st/stm32cubeide_1.9.0/stm32cubeide/plugins/com.st.stm32cube.ide.mcu.externaltools.gnu-tools-for-stm32.10.3-2021.10.win32_1.0.0.202111181127/tools/bin/../lib/gcc/arm-none-eabi/10.3.1/../../../../arm-none-eabi/lib/thumb/v7e-m+fp/hard\libc_nano.a(lib_a-strtol.o)
                0x000000000800f214                _strtol_r
 .text.strtol   0x000000000800f218       0x14 c:/st/stm32cubeide_1.9.0/stm32cubeide/plugins/com.st.stm32cube.ide.mcu.externaltools.gnu-tools-for-stm32.10.3-2021.10.win32_1.0.0.202111181127/tools/bin/../lib/gcc/arm-none-eabi/10.3.1/../../../../arm-none-eabi/lib/thumb/v7e-m+fp/hard\libc_nano.a(lib_a-strtol.o)
                0x000000000800f218                strtol
 .text._write_r
                0x000000000800f22c       0x24 c:/st/stm32cubeide_1.9.0/stm32cubeide/plugins/com.st.stm32cube.ide.mcu.externaltools.gnu-tools-for-stm32.10.3-2021.10.win32_1.0.0.202111181127/tools/bin/../lib/gcc/arm-none-eabi/10.3.1/../../../../arm-none-eabi/lib/thumb/v7e-m+fp/hard\libc_nano.a(lib_a-writer.o)
                0x000000000800f22c                _write_r
 .text._close_r
                0x000000000800f250       0x20 c:/st/stm32cubeide_1.9.0/stm32cubeide/plugins/com.st.stm32cube.ide.mcu.externaltools.gnu-tools-for-stm32.10.3-2021.10.win32_1.0.0.202111181127/tools/bin/../lib/gcc/arm-none-eabi/10.3.1/../../../../arm-none-eabi/lib/thumb/v7e-m+fp/hard\libc_nano.a(lib_a-closer.o)
                0x000000000800f250                _close_r
 .text.quorem   0x000000000800f270      0x116 c:/st/stm32cubeide_1.9.0/stm32cubeide/plugins/com.st.stm32cube.ide.mcu.externaltools.gnu-tools-for-stm32.10.3-2021.10.win32_1.0.0.202111181127/tools/bin/../lib/gcc/arm-none-eabi/10.3.1/../../../../arm-none-eabi/lib/thumb/v7e-m+fp/hard\libc_nano.a(lib_a-dtoa.o)
 *fill*         0x000000000800f386        0x2 
 .text._dtoa_r  0x000000000800f388      0xbdc c:/st/stm32cubeide_1.9.0/stm32cubeide/plugins/com.st.stm32cube.ide.mcu.externaltools.gnu-tools-for-stm32.10.3-2021.10.win32_1.0.0.202111181127/tools/bin/../lib/gcc/arm-none-eabi/10.3.1/../../../../arm-none-eabi/lib/thumb/v7e-m+fp/hard\libc_nano.a(lib_a-dtoa.o)
                0x000000000800f388                _dtoa_r
 .text.__sflush_r
                0x000000000800ff64      0x10c c:/st/stm32cubeide_1.9.0/stm32cubeide/plugins/com.st.stm32cube.ide.mcu.externaltools.gnu-tools-for-stm32.10.3-2021.10.win32_1.0.0.202111181127/tools/bin/../lib/gcc/arm-none-eabi/10.3.1/../../../../arm-none-eabi/lib/thumb/v7e-m+fp/hard\libc_nano.a(lib_a-fflush.o)
                0x000000000800ff64                __sflush_r
 .text._fflush_r
                0x0000000008010070       0x78 c:/st/stm32cubeide_1.9.0/stm32cubeide/plugins/com.st.stm32cube.ide.mcu.externaltools.gnu-tools-for-stm32.10.3-2021.10.win32_1.0.0.202111181127/tools/bin/../lib/gcc/arm-none-eabi/10.3.1/../../../../arm-none-eabi/lib/thumb/v7e-m+fp/hard\libc_nano.a(lib_a-fflush.o)
                0x0000000008010070                _fflush_r
 .text.rshift   0x00000000080100e8       0xa4 c:/st/stm32cubeide_1.9.0/stm32cubeide/plugins/com.st.stm32cube.ide.mcu.externaltools.gnu-tools-for-stm32.10.3-2021.10.win32_1.0.0.202111181127/tools/bin/../lib/gcc/arm-none-eabi/10.3.1/../../../../arm-none-eabi/lib/thumb/v7e-m+fp/hard\libc_nano.a(lib_a-gdtoa-gethex.o)
 .text.__hexdig_fun
                0x000000000801018c       0x2a c:/st/stm32cubeide_1.9.0/stm32cubeide/plugins/com.st.stm32cube.ide.mcu.externaltools.gnu-tools-for-stm32.10.3-2021.10.win32_1.0.0.202111181127/tools/bin/../lib/gcc/arm-none-eabi/10.3.1/../../../../arm-none-eabi/lib/thumb/v7e-m+fp/hard\libc_nano.a(lib_a-gdtoa-gethex.o)
                0x000000000801018c                __hexdig_fun
 *fill*         0x00000000080101b6        0x2 
 .text.__gethex
                0x00000000080101b8      0x48c c:/st/stm32cubeide_1.9.0/stm32cubeide/plugins/com.st.stm32cube.ide.mcu.externaltools.gnu-tools-for-stm32.10.3-2021.10.win32_1.0.0.202111181127/tools/bin/../lib/gcc/arm-none-eabi/10.3.1/../../../../arm-none-eabi/lib/thumb/v7e-m+fp/hard\libc_nano.a(lib_a-gdtoa-gethex.o)
                0x00000000080101b8                __gethex
 .text.L_shift  0x0000000008010644       0x24 c:/st/stm32cubeide_1.9.0/stm32cubeide/plugins/com.st.stm32cube.ide.mcu.externaltools.gnu-tools-for-stm32.10.3-2021.10.win32_1.0.0.202111181127/tools/bin/../lib/gcc/arm-none-eabi/10.3.1/../../../../arm-none-eabi/lib/thumb/v7e-m+fp/hard\libc_nano.a(lib_a-gdtoa-hexnan.o)
 .text.__match  0x0000000008010668       0x28 c:/st/stm32cubeide_1.9.0/stm32cubeide/plugins/com.st.stm32cube.ide.mcu.externaltools.gnu-tools-for-stm32.10.3-2021.10.win32_1.0.0.202111181127/tools/bin/../lib/gcc/arm-none-eabi/10.3.1/../../../../arm-none-eabi/lib/thumb/v7e-m+fp/hard\libc_nano.a(lib_a-gdtoa-hexnan.o)
                0x0000000008010668                __match
 .text.__hexnan
                0x0000000008010690      0x138 c:/st/stm32cubeide_1.9.0/stm32cubeide/plugins/com.st.stm32cube.ide.mcu.externaltools.gnu-tools-for-stm32.10.3-2021.10.win32_1.0.0.202111181127/tools/bin/../lib/gcc/arm-none-eabi/10.3.1/../../../../arm-none-eabi/lib/thumb/v7e-m+fp/hard\libc_nano.a(lib_a-gdtoa-hexnan.o)
                0x0000000008010690                __hexnan
 .text._localeconv_r
                0x00000000080107c8        0x8 c:/st/stm32cubeide_1.9.0/stm32cubeide/plugins/com.st.stm32cube.ide.mcu.externaltools.gnu-tools-for-stm32.10.3-2021.10.win32_1.0.0.202111181127/tools/bin/../lib/gcc/arm-none-eabi/10.3.1/../../../../arm-none-eabi/lib/thumb/v7e-m+fp/hard\libc_nano.a(lib_a-localeconv.o)
                0x00000000080107c8                _localeconv_r
 .text._lseek_r
                0x00000000080107d0       0x24 c:/st/stm32cubeide_1.9.0/stm32cubeide/plugins/com.st.stm32cube.ide.mcu.externaltools.gnu-tools-for-stm32.10.3-2021.10.win32_1.0.0.202111181127/tools/bin/../lib/gcc/arm-none-eabi/10.3.1/../../../../arm-none-eabi/lib/thumb/v7e-m+fp/hard\libc_nano.a(lib_a-lseekr.o)
                0x00000000080107d0                _lseek_r
 .text.malloc   0x00000000080107f4       0x10 c:/st/stm32cubeide_1.9.0/stm32cubeide/plugins/com.st.stm32cube.ide.mcu.externaltools.gnu-tools-for-stm32.10.3-2021.10.win32_1.0.0.202111181127/tools/bin/../lib/gcc/arm-none-eabi/10.3.1/../../../../arm-none-eabi/lib/thumb/v7e-m+fp/hard\libc_nano.a(lib_a-malloc.o)
                0x00000000080107f4                malloc
 .text.__ascii_mbtowc
                0x0000000008010804       0x24 c:/st/stm32cubeide_1.9.0/stm32cubeide/plugins/com.st.stm32cube.ide.mcu.externaltools.gnu-tools-for-stm32.10.3-2021.10.win32_1.0.0.202111181127/tools/bin/../lib/gcc/arm-none-eabi/10.3.1/../../../../arm-none-eabi/lib/thumb/v7e-m+fp/hard\libc_nano.a(lib_a-mbtowc_r.o)
                0x0000000008010804                __ascii_mbtowc
 .text.__malloc_lock
                0x0000000008010828        0xc c:/st/stm32cubeide_1.9.0/stm32cubeide/plugins/com.st.stm32cube.ide.mcu.externaltools.gnu-tools-for-stm32.10.3-2021.10.win32_1.0.0.202111181127/tools/bin/../lib/gcc/arm-none-eabi/10.3.1/../../../../arm-none-eabi/lib/thumb/v7e-m+fp/hard\libc_nano.a(lib_a-mlock.o)
                0x0000000008010828                __malloc_lock
 .text.__malloc_unlock
                0x0000000008010834        0xc c:/st/stm32cubeide_1.9.0/stm32cubeide/plugins/com.st.stm32cube.ide.mcu.externaltools.gnu-tools-for-stm32.10.3-2021.10.win32_1.0.0.202111181127/tools/bin/../lib/gcc/arm-none-eabi/10.3.1/../../../../arm-none-eabi/lib/thumb/v7e-m+fp/hard\libc_nano.a(lib_a-mlock.o)
                0x0000000008010834                __malloc_unlock
 .text._Balloc  0x0000000008010840       0x80 c:/st/stm32cubeide_1.9.0/stm32cubeide/plugins/com.st.stm32cube.ide.mcu.externaltools.gnu-tools-for-stm32.10.3-2021.10.win32_1.0.0.202111181127/tools/bin/../lib/gcc/arm-none-eabi/10.3.1/../../../../arm-none-eabi/lib/thumb/v7e-m+fp/hard\libc_nano.a(lib_a-mprec.o)
                0x0000000008010840                _Balloc
 .text._Bfree   0x00000000080108c0       0x44 c:/st/stm32cubeide_1.9.0/stm32cubeide/plugins/com.st.stm32cube.ide.mcu.externaltools.gnu-tools-for-stm32.10.3-2021.10.win32_1.0.0.202111181127/tools/bin/../lib/gcc/arm-none-eabi/10.3.1/../../../../arm-none-eabi/lib/thumb/v7e-m+fp/hard\libc_nano.a(lib_a-mprec.o)
                0x00000000080108c0                _Bfree
 .text.__multadd
                0x0000000008010904       0x8c c:/st/stm32cubeide_1.9.0/stm32cubeide/plugins/com.st.stm32cube.ide.mcu.externaltools.gnu-tools-for-stm32.10.3-2021.10.win32_1.0.0.202111181127/tools/bin/../lib/gcc/arm-none-eabi/10.3.1/../../../../arm-none-eabi/lib/thumb/v7e-m+fp/hard\libc_nano.a(lib_a-mprec.o)
                0x0000000008010904                __multadd
 .text.__s2b    0x0000000008010990       0x94 c:/st/stm32cubeide_1.9.0/stm32cubeide/plugins/com.st.stm32cube.ide.mcu.externaltools.gnu-tools-for-stm32.10.3-2021.10.win32_1.0.0.202111181127/tools/bin/../lib/gcc/arm-none-eabi/10.3.1/../../../../arm-none-eabi/lib/thumb/v7e-m+fp/hard\libc_nano.a(lib_a-mprec.o)
                0x0000000008010990                __s2b
 .text.__hi0bits
                0x0000000008010a24       0x40 c:/st/stm32cubeide_1.9.0/stm32cubeide/plugins/com.st.stm32cube.ide.mcu.externaltools.gnu-tools-for-stm32.10.3-2021.10.win32_1.0.0.202111181127/tools/bin/../lib/gcc/arm-none-eabi/10.3.1/../../../../arm-none-eabi/lib/thumb/v7e-m+fp/hard\libc_nano.a(lib_a-mprec.o)
                0x0000000008010a24                __hi0bits
 .text.__lo0bits
                0x0000000008010a64       0x5e c:/st/stm32cubeide_1.9.0/stm32cubeide/plugins/com.st.stm32cube.ide.mcu.externaltools.gnu-tools-for-stm32.10.3-2021.10.win32_1.0.0.202111181127/tools/bin/../lib/gcc/arm-none-eabi/10.3.1/../../../../arm-none-eabi/lib/thumb/v7e-m+fp/hard\libc_nano.a(lib_a-mprec.o)
                0x0000000008010a64                __lo0bits
 *fill*         0x0000000008010ac2        0x2 
 .text.__i2b    0x0000000008010ac4       0x2c c:/st/stm32cubeide_1.9.0/stm32cubeide/plugins/com.st.stm32cube.ide.mcu.externaltools.gnu-tools-for-stm32.10.3-2021.10.win32_1.0.0.202111181127/tools/bin/../lib/gcc/arm-none-eabi/10.3.1/../../../../arm-none-eabi/lib/thumb/v7e-m+fp/hard\libc_nano.a(lib_a-mprec.o)
                0x0000000008010ac4                __i2b
 .text.__multiply
                0x0000000008010af0      0x154 c:/st/stm32cubeide_1.9.0/stm32cubeide/plugins/com.st.stm32cube.ide.mcu.externaltools.gnu-tools-for-stm32.10.3-2021.10.win32_1.0.0.202111181127/tools/bin/../lib/gcc/arm-none-eabi/10.3.1/../../../../arm-none-eabi/lib/thumb/v7e-m+fp/hard\libc_nano.a(lib_a-mprec.o)
                0x0000000008010af0                __multiply
 .text.__pow5mult
                0x0000000008010c44       0xb4 c:/st/stm32cubeide_1.9.0/stm32cubeide/plugins/com.st.stm32cube.ide.mcu.externaltools.gnu-tools-for-stm32.10.3-2021.10.win32_1.0.0.202111181127/tools/bin/../lib/gcc/arm-none-eabi/10.3.1/../../../../arm-none-eabi/lib/thumb/v7e-m+fp/hard\libc_nano.a(lib_a-mprec.o)
                0x0000000008010c44                __pow5mult
 .text.__lshift
                0x0000000008010cf8       0xe0 c:/st/stm32cubeide_1.9.0/stm32cubeide/plugins/com.st.stm32cube.ide.mcu.externaltools.gnu-tools-for-stm32.10.3-2021.10.win32_1.0.0.202111181127/tools/bin/../lib/gcc/arm-none-eabi/10.3.1/../../../../arm-none-eabi/lib/thumb/v7e-m+fp/hard\libc_nano.a(lib_a-mprec.o)
                0x0000000008010cf8                __lshift
 .text.__mcmp   0x0000000008010dd8       0x38 c:/st/stm32cubeide_1.9.0/stm32cubeide/plugins/com.st.stm32cube.ide.mcu.externaltools.gnu-tools-for-stm32.10.3-2021.10.win32_1.0.0.202111181127/tools/bin/../lib/gcc/arm-none-eabi/10.3.1/../../../../arm-none-eabi/lib/thumb/v7e-m+fp/hard\libc_nano.a(lib_a-mprec.o)
                0x0000000008010dd8                __mcmp
 .text.__mdiff  0x0000000008010e10      0x114 c:/st/stm32cubeide_1.9.0/stm32cubeide/plugins/com.st.stm32cube.ide.mcu.externaltools.gnu-tools-for-stm32.10.3-2021.10.win32_1.0.0.202111181127/tools/bin/../lib/gcc/arm-none-eabi/10.3.1/../../../../arm-none-eabi/lib/thumb/v7e-m+fp/hard\libc_nano.a(lib_a-mprec.o)
                0x0000000008010e10                __mdiff
 .text.__ulp    0x0000000008010f24       0x58 c:/st/stm32cubeide_1.9.0/stm32cubeide/plugins/com.st.stm32cube.ide.mcu.externaltools.gnu-tools-for-stm32.10.3-2021.10.win32_1.0.0.202111181127/tools/bin/../lib/gcc/arm-none-eabi/10.3.1/../../../../arm-none-eabi/lib/thumb/v7e-m+fp/hard\libc_nano.a(lib_a-mprec.o)
                0x0000000008010f24                __ulp
 .text.__b2d    0x0000000008010f7c       0xa0 c:/st/stm32cubeide_1.9.0/stm32cubeide/plugins/com.st.stm32cube.ide.mcu.externaltools.gnu-tools-for-stm32.10.3-2021.10.win32_1.0.0.202111181127/tools/bin/../lib/gcc/arm-none-eabi/10.3.1/../../../../arm-none-eabi/lib/thumb/v7e-m+fp/hard\libc_nano.a(lib_a-mprec.o)
                0x0000000008010f7c                __b2d
 .text.__d2b    0x000000000801101c       0xb8 c:/st/stm32cubeide_1.9.0/stm32cubeide/plugins/com.st.stm32cube.ide.mcu.externaltools.gnu-tools-for-stm32.10.3-2021.10.win32_1.0.0.202111181127/tools/bin/../lib/gcc/arm-none-eabi/10.3.1/../../../../arm-none-eabi/lib/thumb/v7e-m+fp/hard\libc_nano.a(lib_a-mprec.o)
                0x000000000801101c                __d2b
 .text.__ratio  0x00000000080110d4       0x66 c:/st/stm32cubeide_1.9.0/stm32cubeide/plugins/com.st.stm32cube.ide.mcu.externaltools.gnu-tools-for-stm32.10.3-2021.10.win32_1.0.0.202111181127/tools/bin/../lib/gcc/arm-none-eabi/10.3.1/../../../../arm-none-eabi/lib/thumb/v7e-m+fp/hard\libc_nano.a(lib_a-mprec.o)
                0x00000000080110d4                __ratio
 .text.__copybits
                0x000000000801113a       0x46 c:/st/stm32cubeide_1.9.0/stm32cubeide/plugins/com.st.stm32cube.ide.mcu.externaltools.gnu-tools-for-stm32.10.3-2021.10.win32_1.0.0.202111181127/tools/bin/../lib/gcc/arm-none-eabi/10.3.1/../../../../arm-none-eabi/lib/thumb/v7e-m+fp/hard\libc_nano.a(lib_a-mprec.o)
                0x000000000801113a                __copybits
 .text.__any_on