../Core/Src/main.c:187:5:main	8	static
../Core/Src/main.c:301:6:SystemClock_Config	88	static
../Core/Src/main.c:352:13:MX_I2C1_Init	8	static
../Core/Src/main.c:386:13:MX_SPI1_Init	8	static
../Core/Src/main.c:424:13:MX_SPI2_Init	8	static
../Core/Src/main.c:462:13:MX_USART1_UART_Init	8	static
../Core/Src/main.c:495:13:MX_USART2_UART_Init	8	static
../Core/Src/main.c:526:13:MX_DMA_Init	16	static
../Core/Src/main.c:551:13:MX_GPIO_Init	48	static
../Core/Src/main.c:653:6:HAL_UART_RxCpltCallback	24	static
../Core/Src/main.c:666:6:StartLMS	6256	static
../Core/Src/main.c:938:6:StartIO	136	static
../Core/Src/main.c:1116:6:StartHUM	48	static
../Core/Src/main.c:1156:6:HAL_TIM_PeriodElapsedCallback	16	static
../Core/Src/main.c:1173:6:Error_Handler	4	static,ignoring_inline_asm
