../Core/Src/stm32f4xx_it.c:73:6:NMI_Handler	8	static
../Core/Src/stm32f4xx_it.c:89:6:HardFault_Handler	4	static
../Core/Src/stm32f4xx_it.c:104:6:MemManage_Handler	4	static
../Core/Src/stm32f4xx_it.c:119:6:BusFault_Handler	4	static
../Core/Src/stm32f4xx_it.c:134:6:UsageFault_Handler	4	static
../Core/Src/stm32f4xx_it.c:149:6:DebugMon_Handler	4	static
../Core/Src/stm32f4xx_it.c:169:6:DMA1_Stream3_IRQHandler	8	static
../Core/Src/stm32f4xx_it.c:183:6:TIM2_IRQHandler	8	static
../Core/Src/stm32f4xx_it.c:197:6:DMA2_Stream0_IRQHandler	8	static
../Core/Src/stm32f4xx_it.c:211:6:DMA2_Stream2_IRQHandler	8	static
